==========================================
TIMESTAMP: 2025-12-18 01:02:55
==========================================

[1m[36m========== CPU INFO ==========(B[m
Model name:
12th Gen Intel(R) Core(TM) i7-12700H

Cores (logical / physical estimate):
  Logical:  20
  Physical cores per socket (from cpuinfo): 10

Load averages (1m, 5m, 15m):
 01:02:55 up  4:14,  1 user,  load average: 0.10, 0.11, 0.05

CPU temperature:
CPU temperature not available (need 'lm-sensors' or thermal sysfs).

[1m[36m========== CPU USAGE ==========(B[m
Linux 5.15.167.4-microsoft-standard-WSL2 (DESKTOP-ZMFUYSJ) 	12/18/25 	_x86_64_	(20 CPU)

01:02:55     CPU    %usr   %nice    %sys %iowait    %irq   %soft  %steal  %guest  %gnice   %idle
01:02:56     all    0.00    0.00    0.10    0.00    0.00    0.00    0.00    0.00    0.00   99.90
01:02:56       0    0.00    0.00    0.00    0.00    0.00    0.00    0.00    0.00    0.00  100.00
01:02:56       1    0.00    0.00    0.00    0.00    0.00    0.00    0.00    0.00    0.00  100.00
01:02:56       2    0.00    0.00    0.97    0.00    0.00    0.00    0.00    0.00    0.00   99.03
01:02:56       3    0.00    0.00    0.00    0.00    0.00    0.00    0.00    0.00    0.00  100.00
01:02:56       4    0.00    0.00    0.00    0.00    0.00    0.00    0.00    0.00    0.00  100.00
01:02:56       5    0.00    0.00    0.00    0.00    0.00    0.00    0.00    0.00    0.00  100.00
01:02:56       6    0.00    0.00    0.00    0.00    0.00    0.00    0.00    0.00    0.00  100.00
01:02:56       7    0.00    0.00    0.00    0.00    0.00    0.00    0.00    0.00    0.00  100.00
01:02:56       8    0.00    0.00    0.00    0.00    0.00    0.00    0.00    0.00    0.00  100.00
01:02:56       9    0.00    0.00    0.00    0.00    0.00    0.00    0.00    0.00    0.00  100.00
01:02:56      10    0.00    0.00    0.00    0.00    0.00    0.00    0.00    0.00    0.00  100.00
01:02:56      11    0.00    0.00    0.00    0.00    0.00    0.00    0.00    0.00    0.00  100.00
01:02:56      12    0.00    0.00    0.00    0.00    0.00    0.00    0.00    0.00    0.00  100.00
01:02:56      13    0.00    0.00    0.00    0.00    0.00    0.00    0.00    0.00    0.00  100.00
01:02:56      14    0.00    0.00    0.00    0.00    0.00    0.00    0.00    0.00    0.00  100.00
01:02:56      15    0.00    0.00    0.00    0.00    0.00    0.00    0.00    0.00    0.00  100.00
01:02:56      16    0.00    0.00    0.97    0.00    0.00    0.00    0.00    0.00    0.00   99.03
01:02:56      17    0.00    0.00    0.00    0.00    0.00    0.00    0.00    0.00    0.00  100.00
01:02:56      18    0.00    0.00    0.00    0.00    0.00    0.00    0.00    0.00    0.00  100.00
01:02:56      19    0.00    0.00    0.00    0.00    0.00    0.00    0.00    0.00    0.00  100.00

Average:     CPU    %usr   %nice    %sys %iowait    %irq   %soft  %steal  %guest  %gnice   %idle
Average:     all    0.00    0.00    0.10    0.00    0.00    0.00    0.00    0.00    0.00   99.90
Average:       0    0.00    0.00    0.00    0.00    0.00    0.00    0.00    0.00    0.00  100.00
Average:       1    0.00    0.00    0.00    0.00    0.00    0.00    0.00    0.00    0.00  100.00
Average:       2    0.00    0.00    0.97    0.00    0.00    0.00    0.00    0.00    0.00   99.03
Average:       3    0.00    0.00    0.00    0.00    0.00    0.00    0.00    0.00    0.00  100.00
Average:       4    0.00    0.00    0.00    0.00    0.00    0.00    0.00    0.00    0.00  100.00
Average:       5    0.00    0.00    0.00    0.00    0.00    0.00    0.00    0.00    0.00  100.00
Average:       6    0.00    0.00    0.00    0.00    0.00    0.00    0.00    0.00    0.00  100.00
Average:       7    0.00    0.00    0.00    0.00    0.00    0.00    0.00    0.00    0.00  100.00
Average:       8    0.00    0.00    0.00    0.00    0.00    0.00    0.00    0.00    0.00  100.00
Average:       9    0.00    0.00    0.00    0.00    0.00    0.00    0.00    0.00    0.00  100.00
Average:      10    0.00    0.00    0.00    0.00    0.00    0.00    0.00    0.00    0.00  100.00
Average:      11    0.00    0.00    0.00    0.00    0.00    0.00    0.00    0.00    0.00  100.00
Average:      12    0.00    0.00    0.00    0.00    0.00    0.00    0.00    0.00    0.00  100.00
Average:      13    0.00    0.00    0.00    0.00    0.00    0.00    0.00    0.00    0.00  100.00
Average:      14    0.00    0.00    0.00    0.00    0.00    0.00    0.00    0.00    0.00  100.00
Average:      15    0.00    0.00    0.00    0.00    0.00    0.00    0.00    0.00    0.00  100.00
Average:      16    0.00    0.00    0.97    0.00    0.00    0.00    0.00    0.00    0.00   99.03
Average:      17    0.00    0.00    0.00    0.00    0.00    0.00    0.00    0.00    0.00  100.00
Average:      18    0.00    0.00    0.00    0.00    0.00    0.00    0.00    0.00    0.00  100.00
Average:      19    0.00    0.00    0.00    0.00    0.00    0.00    0.00    0.00    0.00  100.00

Overall CPU usage:
[------------------------------] 0%

[1m[35m========== MEMORY INFO ==========(B[m
               total        used        free      shared  buff/cache   available
Mem:           7.6Gi       1.3Gi       4.6Gi        30Mi       2.0Gi       6.3Gi
Swap:          2.0Gi          0B       2.0Gi

[1m[34m========== DISK USAGE ==========(B[m
Filesystem      Size  Used Avail Use% Mounted on
none            3.9G     0  3.9G   0% /usr/lib/modules/5.15.167.4-microsoft-standard-WSL2
none            3.9G  4.0K  3.9G   1% /mnt/wsl
none            3.9G  632K  3.9G   1% /mnt/wsl/docker-desktop/shared-sockets/host-services
/dev/sdc       1007G   56M  956G   1% /mnt/wsl/docker-desktop/docker-desktop-user-distro
/dev/loop0      532M  532M     0 100% /mnt/wsl/docker-desktop/cli-tools
drivers         477G  422G   56G  89% /usr/lib/wsl/drivers
/dev/sde       1007G  3.4G  953G   1% /
none            3.9G  2.1M  3.8G   1% /mnt/wslg
none            3.9G     0  3.9G   0% /usr/lib/wsl/lib
rootfs          3.8G  2.4M  3.8G   1% /init
none            3.9G  580K  3.9G   1% /run
none            3.9G     0  3.9G   0% /run/lock
none            3.9G     0  3.9G   0% /run/shm
tmpfs           4.0M     0  4.0M   0% /sys/fs/cgroup
none            3.9G  548K  3.9G   1% /mnt/wslg/versions.txt
none            3.9G  548K  3.9G   1% /mnt/wslg/doc
C:\             477G  422G   56G  89% /mnt/c
tmpfs           779M   20K  779M   1% /run/user/1000

[1m[33m========== TOP PROCESSES (by CPU) ==========(B[m
    PID    PPID USER     %CPU %MEM COMMAND
   7850     478 latex     0.0  0.0 bash ./system_monitor.sh
   6991     478 latex     0.0  0.0 bash ./system_monitor.sh
   5852     478 latex     0.0  0.0 bash ./system_monitor.sh
   6701     478 latex     0.0  0.0 bash ./system_monitor.sh
   6276     478 latex     0.0  0.0 bash ./system_monitor.sh
    428     246 latex     0.0  1.5 /home/latex/actions-runner/bin/Runner.Listener run --startuptype service
     52       1 root      0.0  0.1 /usr/lib/systemd/systemd-journald
      1       0 root      0.0  0.1 /sbin/init
    311       1 root      0.0  0.4 /usr/sbin/apache2 -k start
     97       1 root      0.0  0.0 /usr/lib/systemd/systemd-udevd
    160       1 message+  0.0  0.0 @dbus-daemon --system --address=systemd: --nofork --nopidfile --systemd-activation --syslog-only
  35952     478 latex     0.0  0.3 yad --plug=35188 --tabnum=1 --list --no-headers --column=ID:HD --column=Item --tooltip-column=2 --print-column=1 --dclick-action=echo %s
  35981     478 latex     0.0  0.3 yad --plug=35188 --tabnum=2 --text-info --wrap --margins=15 --fontname=monospace 10 --filename=/tmp/tmp.FVPctXIGDR
    983       1 polkitd   0.0  0.1 /usr/lib/polkit-1/polkitd --no-debug

[1m[32m========== GPU INFO ==========(B[m
Detected NVIDIA GPU via nvidia-smi.

--- Basic GPU Info ---
NVIDIA GeForce RTX 3060 Laptop GPU, 6144 MiB, 1011 MiB, 4986 MiB, 8 %, 59

--- Full nvidia-smi output (short) ---
Thu Dec 18 01:02:57 2025       
+-----------------------------------------------------------------------------------------+
| NVIDIA-SMI 580.91                 Driver Version: 581.32         CUDA Version: 13.0     |
+-----------------------------------------+------------------------+----------------------+
| GPU  Name                 Persistence-M | Bus-Id          Disp.A | Volatile Uncorr. ECC |
| Fan  Temp   Perf          Pwr:Usage/Cap |           Memory-Usage | GPU-Util  Compute M. |
|                                         |                        |               MIG M. |
|=========================================+========================+======================|
|   0  NVIDIA GeForce RTX 3060 ...    On  |   00000000:01:00.0 Off |                  N/A |
| N/A   59C    P8             15W /  115W |    1011MiB /   6144MiB |      5%      Default |
|                                         |                        |                  N/A |
+-----------------------------------------+------------------------+----------------------+

+-----------------------------------------------------------------------------------------+
| Processes:                                                                              |
|  GPU   GI   CI              PID   Type   Process name                        GPU Memory |
|        ID   ID                                                               Usage      |
|=========================================================================================|
|  No running processes found                                                             |
+-----------------------------------------------------------------------------------------+

[1m[34m========== NETWORK ==========(B[m
Interfaces (RX/TX bytes):
IFACE      RX (MB)         TX (MB)        
eth0       41.3            1.7            

IP addresses:
1: lo: <LOOPBACK,UP,LOWER_UP> mtu 65536 qdisc noqueue state UNKNOWN group default qlen 1000
inet 127.0.0.1/8 scope host lo
valid_lft forever preferred_lft forever
2: eth0: <BROADCAST,MULTICAST,UP,LOWER_UP> mtu 1492 qdisc mq state UP group default qlen 1000
inet 172.23.177.154/20 brd 172.23.191.255 scope global eth0
valid_lft forever preferred_lft forever

[1m[36m========== SYSTEM INFO ==========(B[m
Hostname: DESKTOP-ZMFUYSJ
Kernel: Linux 5.15.167.4-microsoft-standard-WSL2
Distro: Ubuntu 24.04
Uptime:
 01:02:57 up  4:14,  1 user,  load average: 0.09, 0.11, 0.05

Logged-in users:
latex    pts/1        2025-12-17 20:56

Power / battery:
Battery: BAT1
Full
100


==========================================

==========================================
TIMESTAMP: 2025-12-18 01:02:59
==========================================

[1m[36m========== CPU INFO ==========(B[m
Model name:
12th Gen Intel(R) Core(TM) i7-12700H

Cores (logical / physical estimate):
  Logical:  20
  Physical cores per socket (from cpuinfo): 10

Load averages (1m, 5m, 15m):
 01:02:59 up  4:14,  1 user,  load average: 0.09, 0.11, 0.05

CPU temperature:
CPU temperature not available (need 'lm-sensors' or thermal sysfs).

[1m[36m========== CPU USAGE ==========(B[m
Linux 5.15.167.4-microsoft-standard-WSL2 (DESKTOP-ZMFUYSJ) 	12/18/25 	_x86_64_	(20 CPU)

01:02:59     CPU    %usr   %nice    %sys %iowait    %irq   %soft  %steal  %guest  %gnice   %idle
01:03:00     all    0.05    0.00    0.05    0.00    0.00    0.10    0.00    0.00    0.00   99.81
01:03:00       0    0.96    0.00    0.00    0.00    0.00    0.96    0.00    0.00    0.00   98.08
01:03:00       1    0.00    0.00    0.00    0.00    0.00    0.97    0.00    0.00    0.00   99.03
01:03:00       2    0.00    0.00    0.00    0.00    0.00    0.00    0.00    0.00    0.00  100.00
01:03:00       3    0.00    0.00    0.00    0.00    0.00    0.00    0.00    0.00    0.00  100.00
01:03:00       4    0.00    0.00    0.00    0.00    0.00    0.00    0.00    0.00    0.00  100.00
01:03:00       5    0.00    0.00    0.00    0.00    0.00    0.00    0.00    0.00    0.00  100.00
01:03:00       6    0.00    0.00    0.00    0.00    0.00    0.00    0.00    0.00    0.00  100.00
01:03:00       7    0.00    0.00    0.00    0.00    0.00    0.00    0.00    0.00    0.00  100.00
01:03:00       8    0.00    0.00    0.00    0.00    0.00    0.00    0.00    0.00    0.00  100.00
01:03:00       9    0.00    0.00    0.00    0.00    0.00    0.00    0.00    0.00    0.00  100.00
01:03:00      10    0.00    0.00    0.00    0.00    0.00    0.00    0.00    0.00    0.00  100.00
01:03:00      11    0.00    0.00    0.00    0.00    0.00    0.00    0.00    0.00    0.00  100.00
01:03:00      12    0.00    0.00    0.00    0.00    0.00    0.00    0.00    0.00    0.00  100.00
01:03:00      13    0.00    0.00    0.00    0.00    0.00    0.00    0.00    0.00    0.00  100.00
01:03:00      14    0.00    0.00    0.00    0.00    0.00    0.00    0.00    0.00    0.00  100.00
01:03:00      15    0.00    0.00    0.00    0.00    0.00    0.00    0.00    0.00    0.00  100.00
01:03:00      16    0.00    0.00    0.97    0.00    0.00    0.00    0.00    0.00    0.00   99.03
01:03:00      17    0.00    0.00    0.00    0.00    0.00    0.00    0.00    0.00    0.00  100.00
01:03:00      18    0.00    0.00    0.00    0.00    0.00    0.00    0.00    0.00    0.00  100.00
01:03:00      19    0.00    0.00    0.00    0.00    0.00    0.00    0.00    0.00    0.00  100.00

Average:     CPU    %usr   %nice    %sys %iowait    %irq   %soft  %steal  %guest  %gnice   %idle
Average:     all    0.05    0.00    0.05    0.00    0.00    0.10    0.00    0.00    0.00   99.81
Average:       0    0.96    0.00    0.00    0.00    0.00    0.96    0.00    0.00    0.00   98.08
Average:       1    0.00    0.00    0.00    0.00    0.00    0.97    0.00    0.00    0.00   99.03
Average:       2    0.00    0.00    0.00    0.00    0.00    0.00    0.00    0.00    0.00  100.00
Average:       3    0.00    0.00    0.00    0.00    0.00    0.00    0.00    0.00    0.00  100.00
Average:       4    0.00    0.00    0.00    0.00    0.00    0.00    0.00    0.00    0.00  100.00
Average:       5    0.00    0.00    0.00    0.00    0.00    0.00    0.00    0.00    0.00  100.00
Average:       6    0.00    0.00    0.00    0.00    0.00    0.00    0.00    0.00    0.00  100.00
Average:       7    0.00    0.00    0.00    0.00    0.00    0.00    0.00    0.00    0.00  100.00
Average:       8    0.00    0.00    0.00    0.00    0.00    0.00    0.00    0.00    0.00  100.00
Average:       9    0.00    0.00    0.00    0.00    0.00    0.00    0.00    0.00    0.00  100.00
Average:      10    0.00    0.00    0.00    0.00    0.00    0.00    0.00    0.00    0.00  100.00
Average:      11    0.00    0.00    0.00    0.00    0.00    0.00    0.00    0.00    0.00  100.00
Average:      12    0.00    0.00    0.00    0.00    0.00    0.00    0.00    0.00    0.00  100.00
Average:      13    0.00    0.00    0.00    0.00    0.00    0.00    0.00    0.00    0.00  100.00
Average:      14    0.00    0.00    0.00    0.00    0.00    0.00    0.00    0.00    0.00  100.00
Average:      15    0.00    0.00    0.00    0.00    0.00    0.00    0.00    0.00    0.00  100.00
Average:      16    0.00    0.00    0.97    0.00    0.00    0.00    0.00    0.00    0.00   99.03
Average:      17    0.00    0.00    0.00    0.00    0.00    0.00    0.00    0.00    0.00  100.00
Average:      18    0.00    0.00    0.00    0.00    0.00    0.00    0.00    0.00    0.00  100.00
Average:      19    0.00    0.00    0.00    0.00    0.00    0.00    0.00    0.00    0.00  100.00

Overall CPU usage:
[------------------------------] 0%

[1m[35m========== MEMORY INFO ==========(B[m
               total        used        free      shared  buff/cache   available
Mem:           7.6Gi       1.3Gi       4.6Gi        30Mi       2.0Gi       6.3Gi
Swap:          2.0Gi          0B       2.0Gi

[1m[34m========== DISK USAGE ==========(B[m
Filesystem      Size  Used Avail Use% Mounted on
none            3.9G     0  3.9G   0% /usr/lib/modules/5.15.167.4-microsoft-standard-WSL2
none            3.9G  4.0K  3.9G   1% /mnt/wsl
none            3.9G  632K  3.9G   1% /mnt/wsl/docker-desktop/shared-sockets/host-services
/dev/sdc       1007G   56M  956G   1% /mnt/wsl/docker-desktop/docker-desktop-user-distro
/dev/loop0      532M  532M     0 100% /mnt/wsl/docker-desktop/cli-tools
drivers         477G  422G   56G  89% /usr/lib/wsl/drivers
/dev/sde       1007G  3.4G  953G   1% /
none            3.9G  2.1M  3.8G   1% /mnt/wslg
none            3.9G     0  3.9G   0% /usr/lib/wsl/lib
rootfs          3.8G  2.4M  3.8G   1% /init
none            3.9G  580K  3.9G   1% /run
none            3.9G     0  3.9G   0% /run/lock
none            3.9G     0  3.9G   0% /run/shm
tmpfs           4.0M     0  4.0M   0% /sys/fs/cgroup
none            3.9G  548K  3.9G   1% /mnt/wslg/versions.txt
none            3.9G  548K  3.9G   1% /mnt/wslg/doc
C:\             477G  422G   56G  89% /mnt/c
tmpfs           779M   20K  779M   1% /run/user/1000

[1m[33m========== TOP PROCESSES (by CPU) ==========(B[m
    PID    PPID USER     %CPU %MEM COMMAND
 107345     479 latex     0.2  0.0 bash ./system_monitor.sh
   7850     478 latex     0.0  0.0 bash ./system_monitor.sh
   6991     478 latex     0.0  0.0 bash ./system_monitor.sh
   5852     478 latex     0.0  0.0 bash ./system_monitor.sh
   6701     478 latex     0.0  0.0 bash ./system_monitor.sh
   6276     478 latex     0.0  0.0 bash ./system_monitor.sh
    428     246 latex     0.0  1.5 /home/latex/actions-runner/bin/Runner.Listener run --startuptype service
     52       1 root      0.0  0.1 /usr/lib/systemd/systemd-journald
      1       0 root      0.0  0.1 /sbin/init
    311       1 root      0.0  0.4 /usr/sbin/apache2 -k start
     97       1 root      0.0  0.0 /usr/lib/systemd/systemd-udevd
    160       1 message+  0.0  0.0 @dbus-daemon --system --address=systemd: --nofork --nopidfile --systemd-activation --syslog-only
  35952     478 latex     0.0  0.3 yad --plug=35188 --tabnum=1 --list --no-headers --column=ID:HD --column=Item --tooltip-column=2 --print-column=1 --dclick-action=echo %s
  35981     478 latex     0.0  0.3 yad --plug=35188 --tabnum=2 --text-info --wrap --margins=15 --fontname=monospace 10 --filename=/tmp/tmp.FVPctXIGDR

[1m[32m========== GPU INFO ==========(B[m
Detected NVIDIA GPU via nvidia-smi.

--- Basic GPU Info ---
NVIDIA GeForce RTX 3060 Laptop GPU, 6144 MiB, 998 MiB, 4999 MiB, 8 %, 58

--- Full nvidia-smi output (short) ---
Thu Dec 18 01:03:01 2025       
+-----------------------------------------------------------------------------------------+
| NVIDIA-SMI 580.91                 Driver Version: 581.32         CUDA Version: 13.0     |
+-----------------------------------------+------------------------+----------------------+
| GPU  Name                 Persistence-M | Bus-Id          Disp.A | Volatile Uncorr. ECC |
| Fan  Temp   Perf          Pwr:Usage/Cap |           Memory-Usage | GPU-Util  Compute M. |
|                                         |                        |               MIG M. |
|=========================================+========================+======================|
|   0  NVIDIA GeForce RTX 3060 ...    On  |   00000000:01:00.0 Off |                  N/A |
| N/A   58C    P8             16W /  115W |    1012MiB /   6144MiB |     32%      Default |
|                                         |                        |                  N/A |
+-----------------------------------------+------------------------+----------------------+

+-----------------------------------------------------------------------------------------+
| Processes:                                                                              |
|  GPU   GI   CI              PID   Type   Process name                        GPU Memory |
|        ID   ID                                                               Usage      |
|=========================================================================================|
|  No running processes found                                                             |
+-----------------------------------------------------------------------------------------+

[1m[34m========== NETWORK ==========(B[m
Interfaces (RX/TX bytes):
IFACE      RX (MB)         TX (MB)        
eth0       41.3            1.7            

IP addresses:
1: lo: <LOOPBACK,UP,LOWER_UP> mtu 65536 qdisc noqueue state UNKNOWN group default qlen 1000
inet 127.0.0.1/8 scope host lo
valid_lft forever preferred_lft forever
2: eth0: <BROADCAST,MULTICAST,UP,LOWER_UP> mtu 1492 qdisc mq state UP group default qlen 1000
inet 172.23.177.154/20 brd 172.23.191.255 scope global eth0
valid_lft forever preferred_lft forever

[1m[36m========== SYSTEM INFO ==========(B[m
Hostname: DESKTOP-ZMFUYSJ
Kernel: Linux 5.15.167.4-microsoft-standard-WSL2
Distro: Ubuntu 24.04
Uptime:
 01:03:01 up  4:14,  1 user,  load average: 0.08, 0.11, 0.05

Logged-in users:
latex    pts/1        2025-12-17 20:56

Power / battery:
Battery: BAT1
Full
100


==========================================

==========================================
TIMESTAMP: 2025-12-18 01:03:03
==========================================

[1m[36m========== CPU INFO ==========(B[m
Model name:
12th Gen Intel(R) Core(TM) i7-12700H

Cores (logical / physical estimate):
  Logical:  20
  Physical cores per socket (from cpuinfo): 10

Load averages (1m, 5m, 15m):
 01:03:03 up  4:14,  1 user,  load average: 0.08, 0.11, 0.05

CPU temperature:
CPU temperature not available (need 'lm-sensors' or thermal sysfs).

[1m[36m========== CPU USAGE ==========(B[m
Linux 5.15.167.4-microsoft-standard-WSL2 (DESKTOP-ZMFUYSJ) 	12/18/25 	_x86_64_	(20 CPU)

01:03:03     CPU    %usr   %nice    %sys %iowait    %irq   %soft  %steal  %guest  %gnice   %idle
01:03:05     all    0.00    0.00    0.00    0.00    0.00    0.00    0.00    0.00    0.00  100.00
01:03:05       0    0.00    0.00    0.00    0.00    0.00    0.00    0.00    0.00    0.00  100.00
01:03:05       1    0.00    0.00    0.00    0.00    0.00    0.00    0.00    0.00    0.00  100.00
01:03:05       2    0.00    0.00    0.00    0.00    0.00    0.00    0.00    0.00    0.00  100.00
01:03:05       3    0.00    0.00    0.00    0.00    0.00    0.00    0.00    0.00    0.00  100.00
01:03:05       4    0.00    0.00    0.00    0.00    0.00    0.00    0.00    0.00    0.00  100.00
01:03:05       5    0.00    0.00    0.00    0.00    0.00    0.00    0.00    0.00    0.00  100.00
01:03:05       6    0.00    0.00    0.00    0.00    0.00    0.00    0.00    0.00    0.00  100.00
01:03:05       7    0.00    0.00    0.00    0.00    0.00    0.00    0.00    0.00    0.00  100.00
01:03:05       8    0.00    0.00    0.00    0.00    0.00    0.00    0.00    0.00    0.00  100.00
01:03:05       9    0.00    0.00    0.00    0.00    0.00    0.00    0.00    0.00    0.00  100.00
01:03:05      10    0.00    0.00    0.00    0.00    0.00    0.00    0.00    0.00    0.00  100.00
01:03:05      11    0.00    0.00    0.00    0.00    0.00    0.00    0.00    0.00    0.00  100.00
01:03:05      12    0.00    0.00    0.00    0.00    0.00    0.00    0.00    0.00    0.00  100.00
01:03:05      13    0.00    0.00    0.00    0.00    0.00    0.00    0.00    0.00    0.00  100.00
01:03:05      14    0.00    0.00    0.00    0.00    0.00    0.00    0.00    0.00    0.00  100.00
01:03:05      15    0.00    0.00    0.00    0.00    0.00    0.00    0.00    0.00    0.00  100.00
01:03:05      16    0.00    0.00    0.00    0.00    0.00    0.00    0.00    0.00    0.00  100.00
01:03:05      17    0.00    0.00    0.00    0.00    0.00    0.00    0.00    0.00    0.00  100.00
01:03:05      18    0.00    0.00    0.00    0.00    0.00    0.00    0.00    0.00    0.00  100.00
01:03:05      19    0.00    0.00    0.00    0.00    0.00    0.00    0.00    0.00    0.00  100.00

Average:     CPU    %usr   %nice    %sys %iowait    %irq   %soft  %steal  %guest  %gnice   %idle
Average:     all    0.00    0.00    0.00    0.00    0.00    0.00    0.00    0.00    0.00  100.00
Average:       0    0.00    0.00    0.00    0.00    0.00    0.00    0.00    0.00    0.00  100.00
Average:       1    0.00    0.00    0.00    0.00    0.00    0.00    0.00    0.00    0.00  100.00
Average:       2    0.00    0.00    0.00    0.00    0.00    0.00    0.00    0.00    0.00  100.00
Average:       3    0.00    0.00    0.00    0.00    0.00    0.00    0.00    0.00    0.00  100.00
Average:       4    0.00    0.00    0.00    0.00    0.00    0.00    0.00    0.00    0.00  100.00
Average:       5    0.00    0.00    0.00    0.00    0.00    0.00    0.00    0.00    0.00  100.00
Average:       6    0.00    0.00    0.00    0.00    0.00    0.00    0.00    0.00    0.00  100.00
Average:       7    0.00    0.00    0.00    0.00    0.00    0.00    0.00    0.00    0.00  100.00
Average:       8    0.00    0.00    0.00    0.00    0.00    0.00    0.00    0.00    0.00  100.00
Average:       9    0.00    0.00    0.00    0.00    0.00    0.00    0.00    0.00    0.00  100.00
Average:      10    0.00    0.00    0.00    0.00    0.00    0.00    0.00    0.00    0.00  100.00
Average:      11    0.00    0.00    0.00    0.00    0.00    0.00    0.00    0.00    0.00  100.00
Average:      12    0.00    0.00    0.00    0.00    0.00    0.00    0.00    0.00    0.00  100.00
Average:      13    0.00    0.00    0.00    0.00    0.00    0.00    0.00    0.00    0.00  100.00
Average:      14    0.00    0.00    0.00    0.00    0.00    0.00    0.00    0.00    0.00  100.00
Average:      15    0.00    0.00    0.00    0.00    0.00    0.00    0.00    0.00    0.00  100.00
Average:      16    0.00    0.00    0.00    0.00    0.00    0.00    0.00    0.00    0.00  100.00
Average:      17    0.00    0.00    0.00    0.00    0.00    0.00    0.00    0.00    0.00  100.00
Average:      18    0.00    0.00    0.00    0.00    0.00    0.00    0.00    0.00    0.00  100.00
Average:      19    0.00    0.00    0.00    0.00    0.00    0.00    0.00    0.00    0.00  100.00

Overall CPU usage:
[------------------------------] 0%

[1m[35m========== MEMORY INFO ==========(B[m
               total        used        free      shared  buff/cache   available
Mem:           7.6Gi       1.3Gi       4.6Gi        30Mi       2.0Gi       6.3Gi
Swap:          2.0Gi          0B       2.0Gi

[1m[34m========== DISK USAGE ==========(B[m
Filesystem      Size  Used Avail Use% Mounted on
none            3.9G     0  3.9G   0% /usr/lib/modules/5.15.167.4-microsoft-standard-WSL2
none            3.9G  4.0K  3.9G   1% /mnt/wsl
none            3.9G  632K  3.9G   1% /mnt/wsl/docker-desktop/shared-sockets/host-services
/dev/sdc       1007G   56M  956G   1% /mnt/wsl/docker-desktop/docker-desktop-user-distro
/dev/loop0      532M  532M     0 100% /mnt/wsl/docker-desktop/cli-tools
drivers         477G  422G   56G  89% /usr/lib/wsl/drivers
/dev/sde       1007G  3.4G  953G   1% /
none            3.9G  2.1M  3.8G   1% /mnt/wslg
none            3.9G     0  3.9G   0% /usr/lib/wsl/lib
rootfs          3.8G  2.4M  3.8G   1% /init
none            3.9G  580K  3.9G   1% /run
none            3.9G     0  3.9G   0% /run/lock
none            3.9G     0  3.9G   0% /run/shm
tmpfs           4.0M     0  4.0M   0% /sys/fs/cgroup
none            3.9G  548K  3.9G   1% /mnt/wslg/versions.txt
none            3.9G  548K  3.9G   1% /mnt/wslg/doc
C:\             477G  422G   56G  89% /mnt/c
tmpfs           779M   20K  779M   1% /run/user/1000

[1m[33m========== TOP PROCESSES (by CPU) ==========(B[m
    PID    PPID USER     %CPU %MEM COMMAND
 107345     479 latex     0.1  0.0 bash ./system_monitor.sh
   7850     478 latex     0.0  0.0 bash ./system_monitor.sh
   6991     478 latex     0.0  0.0 bash ./system_monitor.sh
   5852     478 latex     0.0  0.0 bash ./system_monitor.sh
   6701     478 latex     0.0  0.0 bash ./system_monitor.sh
   6276     478 latex     0.0  0.0 bash ./system_monitor.sh
    428     246 latex     0.0  1.5 /home/latex/actions-runner/bin/Runner.Listener run --startuptype service
     52       1 root      0.0  0.1 /usr/lib/systemd/systemd-journald
      1       0 root      0.0  0.1 /sbin/init
    311       1 root      0.0  0.4 /usr/sbin/apache2 -k start
     97       1 root      0.0  0.0 /usr/lib/systemd/systemd-udevd
    160       1 message+  0.0  0.0 @dbus-daemon --system --address=systemd: --nofork --nopidfile --systemd-activation --syslog-only
  35952     478 latex     0.0  0.3 yad --plug=35188 --tabnum=1 --list --no-headers --column=ID:HD --column=Item --tooltip-column=2 --print-column=1 --dclick-action=echo %s
  35981     478 latex     0.0  0.3 yad --plug=35188 --tabnum=2 --text-info --wrap --margins=15 --fontname=monospace 10 --filename=/tmp/tmp.FVPctXIGDR

[1m[32m========== GPU INFO ==========(B[m
Detected NVIDIA GPU via nvidia-smi.

--- Basic GPU Info ---
NVIDIA GeForce RTX 3060 Laptop GPU, 6144 MiB, 1008 MiB, 4989 MiB, 53 %, 58

--- Full nvidia-smi output (short) ---
Thu Dec 18 01:03:06 2025       
+-----------------------------------------------------------------------------------------+
| NVIDIA-SMI 580.91                 Driver Version: 581.32         CUDA Version: 13.0     |
+-----------------------------------------+------------------------+----------------------+
| GPU  Name                 Persistence-M | Bus-Id          Disp.A | Volatile Uncorr. ECC |
| Fan  Temp   Perf          Pwr:Usage/Cap |           Memory-Usage | GPU-Util  Compute M. |
|                                         |                        |               MIG M. |
|=========================================+========================+======================|
|   0  NVIDIA GeForce RTX 3060 ...    On  |   00000000:01:00.0 Off |                  N/A |
| N/A   58C    P8             15W /  115W |    1008MiB /   6144MiB |      5%      Default |
|                                         |                        |                  N/A |
+-----------------------------------------+------------------------+----------------------+

+-----------------------------------------------------------------------------------------+
| Processes:                                                                              |
|  GPU   GI   CI              PID   Type   Process name                        GPU Memory |
|        ID   ID                                                               Usage      |
|=========================================================================================|
|  No running processes found                                                             |
+-----------------------------------------------------------------------------------------+

[1m[34m========== NETWORK ==========(B[m
Interfaces (RX/TX bytes):
IFACE      RX (MB)         TX (MB)        
eth0       41.3            1.7            

IP addresses:
1: lo: <LOOPBACK,UP,LOWER_UP> mtu 65536 qdisc noqueue state UNKNOWN group default qlen 1000
inet 127.0.0.1/8 scope host lo
valid_lft forever preferred_lft forever
2: eth0: <BROADCAST,MULTICAST,UP,LOWER_UP> mtu 1492 qdisc mq state UP group default qlen 1000
inet 172.23.177.154/20 brd 172.23.191.255 scope global eth0
valid_lft forever preferred_lft forever

[1m[36m========== SYSTEM INFO ==========(B[m
Hostname: DESKTOP-ZMFUYSJ
Kernel: Linux 5.15.167.4-microsoft-standard-WSL2
Distro: Ubuntu 24.04
Uptime:
 01:03:06 up  4:14,  1 user,  load average: 0.08, 0.10, 0.04

Logged-in users:
latex    pts/1        2025-12-17 20:56

Power / battery:
Battery: BAT1
Full
100


==========================================

==========================================
TIMESTAMP: 2025-12-18 01:03:08
==========================================

[1m[36m========== CPU INFO ==========(B[m
Model name:
12th Gen Intel(R) Core(TM) i7-12700H

Cores (logical / physical estimate):
  Logical:  20
  Physical cores per socket (from cpuinfo): 10

Load averages (1m, 5m, 15m):
 01:03:08 up  4:14,  1 user,  load average: 0.08, 0.10, 0.04

CPU temperature:
CPU temperature not available (need 'lm-sensors' or thermal sysfs).

[1m[36m========== CPU USAGE ==========(B[m
Linux 5.15.167.4-microsoft-standard-WSL2 (DESKTOP-ZMFUYSJ) 	12/18/25 	_x86_64_	(20 CPU)

01:03:08     CPU    %usr   %nice    %sys %iowait    %irq   %soft  %steal  %guest  %gnice   %idle
01:03:09     all    0.15    0.00    0.10    0.00    0.00    0.00    0.00    0.00    0.00   99.75
01:03:09       0    0.00    0.00    0.00    0.00    0.00    0.00    0.00    0.00    0.00  100.00
01:03:09       1    0.00    0.00    0.00    0.00    0.00    0.00    0.00    0.00    0.00  100.00
01:03:09       2    0.99    0.00    0.00    0.00    0.00    0.00    0.00    0.00    0.00   99.01
01:03:09       3    0.00    0.00    0.00    0.00    0.00    0.00    0.00    0.00    0.00  100.00
01:03:09       4    0.00    0.00    0.00    0.00    0.00    0.00    0.00    0.00    0.00  100.00
01:03:09       5    0.00    0.00    0.00    0.00    0.00    0.00    0.00    0.00    0.00  100.00
01:03:09       6    0.00    0.00    0.00    0.00    0.00    0.00    0.00    0.00    0.00  100.00
01:03:09       7    0.00    0.00    0.00    0.00    0.00    0.00    0.00    0.00    0.00  100.00
01:03:09       8    0.00    0.00    0.00    0.00    0.00    0.00    0.00    0.00    0.00  100.00
01:03:09       9    0.00    0.00    0.99    0.00    0.00    0.00    0.00    0.00    0.00   99.01
01:03:09      10    0.00    0.00    0.00    0.00    0.00    0.00    0.00    0.00    0.00  100.00
01:03:09      11    0.00    0.00    0.00    0.00    0.00    0.00    0.00    0.00    0.00  100.00
01:03:09      12    1.00    0.00    0.00    0.00    0.00    0.00    0.00    0.00    0.00   99.00
01:03:09      13    0.00    0.00    0.00    0.00    0.00    0.00    0.00    0.00    0.00  100.00
01:03:09      14    0.00    0.00    1.00    0.00    0.00    0.00    0.00    0.00    0.00   99.00
01:03:09      15    0.00    0.00    0.00    0.00    0.00    0.00    0.00    0.00    0.00  100.00
01:03:09      16    0.00    0.00    0.00    0.00    0.00    0.00    0.00    0.00    0.00  100.00
01:03:09      17    0.00    0.00    0.00    0.00    0.00    0.00    0.00    0.00    0.00  100.00
01:03:09      18    0.00    0.00    0.00    0.00    0.00    0.00    0.00    0.00    0.00  100.00
01:03:09      19    0.99    0.00    0.00    0.00    0.00    0.00    0.00    0.00    0.00   99.01

Average:     CPU    %usr   %nice    %sys %iowait    %irq   %soft  %steal  %guest  %gnice   %idle
Average:     all    0.15    0.00    0.10    0.00    0.00    0.00    0.00    0.00    0.00   99.75
Average:       0    0.00    0.00    0.00    0.00    0.00    0.00    0.00    0.00    0.00  100.00
Average:       1    0.00    0.00    0.00    0.00    0.00    0.00    0.00    0.00    0.00  100.00
Average:       2    0.99    0.00    0.00    0.00    0.00    0.00    0.00    0.00    0.00   99.01
Average:       3    0.00    0.00    0.00    0.00    0.00    0.00    0.00    0.00    0.00  100.00
Average:       4    0.00    0.00    0.00    0.00    0.00    0.00    0.00    0.00    0.00  100.00
Average:       5    0.00    0.00    0.00    0.00    0.00    0.00    0.00    0.00    0.00  100.00
Average:       6    0.00    0.00    0.00    0.00    0.00    0.00    0.00    0.00    0.00  100.00
Average:       7    0.00    0.00    0.00    0.00    0.00    0.00    0.00    0.00    0.00  100.00
Average:       8    0.00    0.00    0.00    0.00    0.00    0.00    0.00    0.00    0.00  100.00
Average:       9    0.00    0.00    0.99    0.00    0.00    0.00    0.00    0.00    0.00   99.01
Average:      10    0.00    0.00    0.00    0.00    0.00    0.00    0.00    0.00    0.00  100.00
Average:      11    0.00    0.00    0.00    0.00    0.00    0.00    0.00    0.00    0.00  100.00
Average:      12    1.00    0.00    0.00    0.00    0.00    0.00    0.00    0.00    0.00   99.00
Average:      13    0.00    0.00    0.00    0.00    0.00    0.00    0.00    0.00    0.00  100.00
Average:      14    0.00    0.00    1.00    0.00    0.00    0.00    0.00    0.00    0.00   99.00
Average:      15    0.00    0.00    0.00    0.00    0.00    0.00    0.00    0.00    0.00  100.00
Average:      16    0.00    0.00    0.00    0.00    0.00    0.00    0.00    0.00    0.00  100.00
Average:      17    0.00    0.00    0.00    0.00    0.00    0.00    0.00    0.00    0.00  100.00
Average:      18    0.00    0.00    0.00    0.00    0.00    0.00    0.00    0.00    0.00  100.00
Average:      19    0.99    0.00    0.00    0.00    0.00    0.00    0.00    0.00    0.00   99.01

Overall CPU usage:
[------------------------------] 0%

[1m[35m========== MEMORY INFO ==========(B[m
               total        used        free      shared  buff/cache   available
Mem:           7.6Gi       1.3Gi       4.6Gi        30Mi       2.0Gi       6.3Gi
Swap:          2.0Gi          0B       2.0Gi

[1m[34m========== DISK USAGE ==========(B[m
Filesystem      Size  Used Avail Use% Mounted on
none            3.9G     0  3.9G   0% /usr/lib/modules/5.15.167.4-microsoft-standard-WSL2
none            3.9G  4.0K  3.9G   1% /mnt/wsl
none            3.9G  632K  3.9G   1% /mnt/wsl/docker-desktop/shared-sockets/host-services
/dev/sdc       1007G   56M  956G   1% /mnt/wsl/docker-desktop/docker-desktop-user-distro
/dev/loop0      532M  532M     0 100% /mnt/wsl/docker-desktop/cli-tools
drivers         477G  422G   56G  89% /usr/lib/wsl/drivers
/dev/sde       1007G  3.4G  953G   1% /
none            3.9G  2.1M  3.8G   1% /mnt/wslg
none            3.9G     0  3.9G   0% /usr/lib/wsl/lib
rootfs          3.8G  2.4M  3.8G   1% /init
none            3.9G  580K  3.9G   1% /run
none            3.9G     0  3.9G   0% /run/lock
none            3.9G     0  3.9G   0% /run/shm
tmpfs           4.0M     0  4.0M   0% /sys/fs/cgroup
none            3.9G  548K  3.9G   1% /mnt/wslg/versions.txt
none            3.9G  548K  3.9G   1% /mnt/wslg/doc
C:\             477G  422G   56G  89% /mnt/c
tmpfs           779M   20K  779M   1% /run/user/1000

[1m[33m========== TOP PROCESSES (by CPU) ==========(B[m
    PID    PPID USER     %CPU %MEM COMMAND
 107345     479 latex     0.2  0.0 bash ./system_monitor.sh
   7850     478 latex     0.0  0.0 bash ./system_monitor.sh
   6991     478 latex     0.0  0.0 bash ./system_monitor.sh
   5852     478 latex     0.0  0.0 bash ./system_monitor.sh
   6701     478 latex     0.0  0.0 bash ./system_monitor.sh
   6276     478 latex     0.0  0.0 bash ./system_monitor.sh
    428     246 latex     0.0  1.5 /home/latex/actions-runner/bin/Runner.Listener run --startuptype service
     52       1 root      0.0  0.1 /usr/lib/systemd/systemd-journald
      1       0 root      0.0  0.1 /sbin/init
    311       1 root      0.0  0.4 /usr/sbin/apache2 -k start
     97       1 root      0.0  0.0 /usr/lib/systemd/systemd-udevd
    160       1 message+  0.0  0.0 @dbus-daemon --system --address=systemd: --nofork --nopidfile --systemd-activation --syslog-only
  35952     478 latex     0.0  0.3 yad --plug=35188 --tabnum=1 --list --no-headers --column=ID:HD --column=Item --tooltip-column=2 --print-column=1 --dclick-action=echo %s
  35981     478 latex     0.0  0.3 yad --plug=35188 --tabnum=2 --text-info --wrap --margins=15 --fontname=monospace 10 --filename=/tmp/tmp.FVPctXIGDR

[1m[32m========== GPU INFO ==========(B[m
Detected NVIDIA GPU via nvidia-smi.

--- Basic GPU Info ---
NVIDIA GeForce RTX 3060 Laptop GPU, 6144 MiB, 1019 MiB, 4978 MiB, 27 %, 58

--- Full nvidia-smi output (short) ---
Thu Dec 18 01:03:11 2025       
+-----------------------------------------------------------------------------------------+
| NVIDIA-SMI 580.91                 Driver Version: 581.32         CUDA Version: 13.0     |
+-----------------------------------------+------------------------+----------------------+
| GPU  Name                 Persistence-M | Bus-Id          Disp.A | Volatile Uncorr. ECC |
| Fan  Temp   Perf          Pwr:Usage/Cap |           Memory-Usage | GPU-Util  Compute M. |
|                                         |                        |               MIG M. |
|=========================================+========================+======================|
|   0  NVIDIA GeForce RTX 3060 ...    On  |   00000000:01:00.0 Off |                  N/A |
| N/A   58C    P5             17W /  115W |    1019MiB /   6144MiB |     27%      Default |
|                                         |                        |                  N/A |
+-----------------------------------------+------------------------+----------------------+

+-----------------------------------------------------------------------------------------+
| Processes:                                                                              |
|  GPU   GI   CI              PID   Type   Process name                        GPU Memory |
|        ID   ID                                                               Usage      |
|=========================================================================================|
|  No running processes found                                                             |
+-----------------------------------------------------------------------------------------+

[1m[34m========== NETWORK ==========(B[m
Interfaces (RX/TX bytes):
IFACE      RX (MB)         TX (MB)        
eth0       41.3            1.7            

IP addresses:
1: lo: <LOOPBACK,UP,LOWER_UP> mtu 65536 qdisc noqueue state UNKNOWN group default qlen 1000
inet 127.0.0.1/8 scope host lo
valid_lft forever preferred_lft forever
2: eth0: <BROADCAST,MULTICAST,UP,LOWER_UP> mtu 1492 qdisc mq state UP group default qlen 1000
inet 172.23.177.154/20 brd 172.23.191.255 scope global eth0
valid_lft forever preferred_lft forever

[1m[36m========== SYSTEM INFO ==========(B[m
Hostname: DESKTOP-ZMFUYSJ
Kernel: Linux 5.15.167.4-microsoft-standard-WSL2
Distro: Ubuntu 24.04
Uptime:
 01:03:11 up  4:14,  1 user,  load average: 0.15, 0.12, 0.05

Logged-in users:
latex    pts/1        2025-12-17 20:56

Power / battery:
Battery: BAT1
Full
100


==========================================

==========================================
TIMESTAMP: 2025-12-18 01:03:13
==========================================

[1m[36m========== CPU INFO ==========(B[m
Model name:
12th Gen Intel(R) Core(TM) i7-12700H

Cores (logical / physical estimate):
  Logical:  20
  Physical cores per socket (from cpuinfo): 10

Load averages (1m, 5m, 15m):
 01:03:13 up  4:14,  1 user,  load average: 0.15, 0.12, 0.05

CPU temperature:
CPU temperature not available (need 'lm-sensors' or thermal sysfs).

[1m[36m========== CPU USAGE ==========(B[m
Linux 5.15.167.4-microsoft-standard-WSL2 (DESKTOP-ZMFUYSJ) 	12/18/25 	_x86_64_	(20 CPU)

01:03:13     CPU    %usr   %nice    %sys %iowait    %irq   %soft  %steal  %guest  %gnice   %idle
01:03:14     all    0.00    0.00    0.05    0.00    0.00    0.00    0.00    0.00    0.00   99.95
01:03:14       0    0.00    0.00    1.00    0.00    0.00    0.00    0.00    0.00    0.00   99.00
01:03:14       1    0.00    0.00    0.00    0.00    0.00    0.00    0.00    0.00    0.00  100.00
01:03:14       2    0.00    0.00    0.00    0.00    0.00    0.00    0.00    0.00    0.00  100.00
01:03:14       3    0.00    0.00    0.00    0.00    0.00    0.00    0.00    0.00    0.00  100.00
01:03:14       4    0.00    0.00    0.00    0.00    0.00    0.00    0.00    0.00    0.00  100.00
01:03:14       5    0.00    0.00    0.00    0.00    0.00    0.00    0.00    0.00    0.00  100.00
01:03:14       6    0.00    0.00    0.00    0.00    0.00    0.00    0.00    0.00    0.00  100.00
01:03:14       7    0.00    0.00    0.00    0.00    0.00    0.00    0.00    0.00    0.00  100.00
01:03:14       8    0.00    0.00    0.00    0.00    0.00    0.00    0.00    0.00    0.00  100.00
01:03:14       9    0.00    0.00    0.00    0.00    0.00    0.00    0.00    0.00    0.00  100.00
01:03:14      10    0.00    0.00    0.00    0.00    0.00    0.00    0.00    0.00    0.00  100.00
01:03:14      11    0.00    0.00    0.00    0.00    0.00    0.00    0.00    0.00    0.00  100.00
01:03:14      12    0.00    0.00    0.00    0.00    0.00    0.00    0.00    0.00    0.00  100.00
01:03:14      13    0.00    0.00    0.00    0.00    0.00    0.00    0.00    0.00    0.00  100.00
01:03:14      14    0.00    0.00    0.00    0.00    0.00    0.00    0.00    0.00    0.00  100.00
01:03:14      15    0.00    0.00    0.00    0.00    0.00    0.00    0.00    0.00    0.00  100.00
01:03:14      16    0.00    0.00    0.00    0.00    0.00    0.00    0.00    0.00    0.00  100.00
01:03:14      17    0.00    0.00    0.00    0.00    0.00    0.00    0.00    0.00    0.00  100.00
01:03:14      18    0.00    0.00    0.00    0.00    0.00    0.00    0.00    0.00    0.00  100.00
01:03:14      19    0.00    0.00    0.00    0.00    0.00    0.00    0.00    0.00    0.00  100.00

Average:     CPU    %usr   %nice    %sys %iowait    %irq   %soft  %steal  %guest  %gnice   %idle
Average:     all    0.00    0.00    0.05    0.00    0.00    0.00    0.00    0.00    0.00   99.95
Average:       0    0.00    0.00    1.00    0.00    0.00    0.00    0.00    0.00    0.00   99.00
Average:       1    0.00    0.00    0.00    0.00    0.00    0.00    0.00    0.00    0.00  100.00
Average:       2    0.00    0.00    0.00    0.00    0.00    0.00    0.00    0.00    0.00  100.00
Average:       3    0.00    0.00    0.00    0.00    0.00    0.00    0.00    0.00    0.00  100.00
Average:       4    0.00    0.00    0.00    0.00    0.00    0.00    0.00    0.00    0.00  100.00
Average:       5    0.00    0.00    0.00    0.00    0.00    0.00    0.00    0.00    0.00  100.00
Average:       6    0.00    0.00    0.00    0.00    0.00    0.00    0.00    0.00    0.00  100.00
Average:       7    0.00    0.00    0.00    0.00    0.00    0.00    0.00    0.00    0.00  100.00
Average:       8    0.00    0.00    0.00    0.00    0.00    0.00    0.00    0.00    0.00  100.00
Average:       9    0.00    0.00    0.00    0.00    0.00    0.00    0.00    0.00    0.00  100.00
Average:      10    0.00    0.00    0.00    0.00    0.00    0.00    0.00    0.00    0.00  100.00
Average:      11    0.00    0.00    0.00    0.00    0.00    0.00    0.00    0.00    0.00  100.00
Average:      12    0.00    0.00    0.00    0.00    0.00    0.00    0.00    0.00    0.00  100.00
Average:      13    0.00    0.00    0.00    0.00    0.00    0.00    0.00    0.00    0.00  100.00
Average:      14    0.00    0.00    0.00    0.00    0.00    0.00    0.00    0.00    0.00  100.00
Average:      15    0.00    0.00    0.00    0.00    0.00    0.00    0.00    0.00    0.00  100.00
Average:      16    0.00    0.00    0.00    0.00    0.00    0.00    0.00    0.00    0.00  100.00
Average:      17    0.00    0.00    0.00    0.00    0.00    0.00    0.00    0.00    0.00  100.00
Average:      18    0.00    0.00    0.00    0.00    0.00    0.00    0.00    0.00    0.00  100.00
Average:      19    0.00    0.00    0.00    0.00    0.00    0.00    0.00    0.00    0.00  100.00

Overall CPU usage:
[------------------------------] 0%

[1m[35m========== MEMORY INFO ==========(B[m
               total        used        free      shared  buff/cache   available
Mem:           7.6Gi       1.3Gi       4.6Gi        30Mi       2.0Gi       6.3Gi
Swap:          2.0Gi          0B       2.0Gi

[1m[34m========== DISK USAGE ==========(B[m
Filesystem      Size  Used Avail Use% Mounted on
none            3.9G     0  3.9G   0% /usr/lib/modules/5.15.167.4-microsoft-standard-WSL2
none            3.9G  4.0K  3.9G   1% /mnt/wsl
none            3.9G  632K  3.9G   1% /mnt/wsl/docker-desktop/shared-sockets/host-services
/dev/sdc       1007G   56M  956G   1% /mnt/wsl/docker-desktop/docker-desktop-user-distro
/dev/loop0      532M  532M     0 100% /mnt/wsl/docker-desktop/cli-tools
drivers         477G  422G   56G  89% /usr/lib/wsl/drivers
/dev/sde       1007G  3.4G  953G   1% /
none            3.9G  2.1M  3.8G   1% /mnt/wslg
none            3.9G     0  3.9G   0% /usr/lib/wsl/lib
rootfs          3.8G  2.4M  3.8G   1% /init
none            3.9G  580K  3.9G   1% /run
none            3.9G     0  3.9G   0% /run/lock
none            3.9G     0  3.9G   0% /run/shm
tmpfs           4.0M     0  4.0M   0% /sys/fs/cgroup
none            3.9G  548K  3.9G   1% /mnt/wslg/versions.txt
none            3.9G  548K  3.9G   1% /mnt/wslg/doc
C:\             477G  422G   56G  89% /mnt/c
tmpfs           779M   20K  779M   1% /run/user/1000

[1m[33m========== TOP PROCESSES (by CPU) ==========(B[m
    PID    PPID USER     %CPU %MEM COMMAND
 107345     479 latex     0.1  0.0 bash ./system_monitor.sh
   7850     478 latex     0.0  0.0 bash ./system_monitor.sh
   6991     478 latex     0.0  0.0 bash ./system_monitor.sh
   5852     478 latex     0.0  0.0 bash ./system_monitor.sh
   6701     478 latex     0.0  0.0 bash ./system_monitor.sh
   6276     478 latex     0.0  0.0 bash ./system_monitor.sh
    428     246 latex     0.0  1.5 /home/latex/actions-runner/bin/Runner.Listener run --startuptype service
     52       1 root      0.0  0.1 /usr/lib/systemd/systemd-journald
      1       0 root      0.0  0.1 /sbin/init
    311       1 root      0.0  0.4 /usr/sbin/apache2 -k start
     97       1 root      0.0  0.0 /usr/lib/systemd/systemd-udevd
    160       1 message+  0.0  0.0 @dbus-daemon --system --address=systemd: --nofork --nopidfile --systemd-activation --syslog-only
  35952     478 latex     0.0  0.3 yad --plug=35188 --tabnum=1 --list --no-headers --column=ID:HD --column=Item --tooltip-column=2 --print-column=1 --dclick-action=echo %s
  35981     478 latex     0.0  0.3 yad --plug=35188 --tabnum=2 --text-info --wrap --margins=15 --fontname=monospace 10 --filename=/tmp/tmp.FVPctXIGDR

[1m[32m========== GPU INFO ==========(B[m
Detected NVIDIA GPU via nvidia-smi.

--- Basic GPU Info ---
NVIDIA GeForce RTX 3060 Laptop GPU, 6144 MiB, 1021 MiB, 4976 MiB, 32 %, 58

--- Full nvidia-smi output (short) ---
Thu Dec 18 01:03:16 2025       
+-----------------------------------------------------------------------------------------+
| NVIDIA-SMI 580.91                 Driver Version: 581.32         CUDA Version: 13.0     |
+-----------------------------------------+------------------------+----------------------+
| GPU  Name                 Persistence-M | Bus-Id          Disp.A | Volatile Uncorr. ECC |
| Fan  Temp   Perf          Pwr:Usage/Cap |           Memory-Usage | GPU-Util  Compute M. |
|                                         |                        |               MIG M. |
|=========================================+========================+======================|
|   0  NVIDIA GeForce RTX 3060 ...    On  |   00000000:01:00.0 Off |                  N/A |
| N/A   58C    P5             17W /  115W |    1018MiB /   6144MiB |     34%      Default |
|                                         |                        |                  N/A |
+-----------------------------------------+------------------------+----------------------+

+-----------------------------------------------------------------------------------------+
| Processes:                                                                              |
|  GPU   GI   CI              PID   Type   Process name                        GPU Memory |
|        ID   ID                                                               Usage      |
|=========================================================================================|
|  No running processes found                                                             |
+-----------------------------------------------------------------------------------------+

[1m[34m========== NETWORK ==========(B[m
Interfaces (RX/TX bytes):
IFACE      RX (MB)         TX (MB)        
eth0       41.3            1.7            

IP addresses:
1: lo: <LOOPBACK,UP,LOWER_UP> mtu 65536 qdisc noqueue state UNKNOWN group default qlen 1000
inet 127.0.0.1/8 scope host lo
valid_lft forever preferred_lft forever
2: eth0: <BROADCAST,MULTICAST,UP,LOWER_UP> mtu 1492 qdisc mq state UP group default qlen 1000
inet 172.23.177.154/20 brd 172.23.191.255 scope global eth0
valid_lft forever preferred_lft forever

[1m[36m========== SYSTEM INFO ==========(B[m
Hostname: DESKTOP-ZMFUYSJ
Kernel: Linux 5.15.167.4-microsoft-standard-WSL2
Distro: Ubuntu 24.04
Uptime:
 01:03:16 up  4:15,  1 user,  load average: 0.22, 0.13, 0.06

Logged-in users:
latex    pts/1        2025-12-17 20:56

Power / battery:
Battery: BAT1
Full
100


==========================================

==========================================
TIMESTAMP: 2025-12-18 01:03:18
==========================================

[1m[36m========== CPU INFO ==========(B[m
Model name:
12th Gen Intel(R) Core(TM) i7-12700H

Cores (logical / physical estimate):
  Logical:  20
  Physical cores per socket (from cpuinfo): 10

Load averages (1m, 5m, 15m):
 01:03:18 up  4:15,  1 user,  load average: 0.22, 0.13, 0.06

CPU temperature:
CPU temperature not available (need 'lm-sensors' or thermal sysfs).

[1m[36m========== CPU USAGE ==========(B[m
Linux 5.15.167.4-microsoft-standard-WSL2 (DESKTOP-ZMFUYSJ) 	12/18/25 	_x86_64_	(20 CPU)

01:03:18     CPU    %usr   %nice    %sys %iowait    %irq   %soft  %steal  %guest  %gnice   %idle
01:03:19     all    0.00    0.00    0.00    0.00    0.00    0.00    0.00    0.00    0.00  100.00
01:03:19       0    0.00    0.00    0.00    0.00    0.00    0.00    0.00    0.00    0.00  100.00
01:03:19       1    0.00    0.00    0.00    0.00    0.00    0.00    0.00    0.00    0.00  100.00
01:03:19       2    0.00    0.00    0.00    0.00    0.00    0.00    0.00    0.00    0.00  100.00
01:03:19       3    0.00    0.00    0.00    0.00    0.00    0.00    0.00    0.00    0.00  100.00
01:03:19       4    0.00    0.00    0.00    0.00    0.00    0.00    0.00    0.00    0.00  100.00
01:03:19       5    0.00    0.00    0.00    0.00    0.00    0.00    0.00    0.00    0.00  100.00
01:03:19       6    0.00    0.00    0.00    0.00    0.00    0.00    0.00    0.00    0.00  100.00
01:03:19       7    0.00    0.00    0.00    0.00    0.00    0.00    0.00    0.00    0.00  100.00
01:03:19       8    0.00    0.00    0.00    0.00    0.00    0.00    0.00    0.00    0.00  100.00
01:03:19       9    0.00    0.00    0.00    0.00    0.00    0.00    0.00    0.00    0.00  100.00
01:03:19      10    0.00    0.00    0.00    0.00    0.00    0.00    0.00    0.00    0.00  100.00
01:03:19      11    0.00    0.00    0.00    0.00    0.00    0.00    0.00    0.00    0.00  100.00
01:03:19      12    0.00    0.00    0.00    0.00    0.00    0.00    0.00    0.00    0.00  100.00
01:03:19      13    0.00    0.00    0.00    0.00    0.00    0.00    0.00    0.00    0.00  100.00
01:03:19      14    0.00    0.00    0.00    0.00    0.00    0.00    0.00    0.00    0.00  100.00
01:03:19      15    0.00    0.00    0.00    0.00    0.00    0.00    0.00    0.00    0.00  100.00
01:03:19      16    0.00    0.00    0.00    0.00    0.00    0.00    0.00    0.00    0.00  100.00
01:03:19      17    0.00    0.00    0.00    0.00    0.00    0.00    0.00    0.00    0.00  100.00
01:03:19      18    0.00    0.00    0.00    0.00    0.00    0.00    0.00    0.00    0.00  100.00
01:03:19      19    0.00    0.00    0.00    0.00    0.00    0.00    0.00    0.00    0.00  100.00

Average:     CPU    %usr   %nice    %sys %iowait    %irq   %soft  %steal  %guest  %gnice   %idle
Average:     all    0.00    0.00    0.00    0.00    0.00    0.00    0.00    0.00    0.00  100.00
Average:       0    0.00    0.00    0.00    0.00    0.00    0.00    0.00    0.00    0.00  100.00
Average:       1    0.00    0.00    0.00    0.00    0.00    0.00    0.00    0.00    0.00  100.00
Average:       2    0.00    0.00    0.00    0.00    0.00    0.00    0.00    0.00    0.00  100.00
Average:       3    0.00    0.00    0.00    0.00    0.00    0.00    0.00    0.00    0.00  100.00
Average:       4    0.00    0.00    0.00    0.00    0.00    0.00    0.00    0.00    0.00  100.00
Average:       5    0.00    0.00    0.00    0.00    0.00    0.00    0.00    0.00    0.00  100.00
Average:       6    0.00    0.00    0.00    0.00    0.00    0.00    0.00    0.00    0.00  100.00
Average:       7    0.00    0.00    0.00    0.00    0.00    0.00    0.00    0.00    0.00  100.00
Average:       8    0.00    0.00    0.00    0.00    0.00    0.00    0.00    0.00    0.00  100.00
Average:       9    0.00    0.00    0.00    0.00    0.00    0.00    0.00    0.00    0.00  100.00
Average:      10    0.00    0.00    0.00    0.00    0.00    0.00    0.00    0.00    0.00  100.00
Average:      11    0.00    0.00    0.00    0.00    0.00    0.00    0.00    0.00    0.00  100.00
Average:      12    0.00    0.00    0.00    0.00    0.00    0.00    0.00    0.00    0.00  100.00
Average:      13    0.00    0.00    0.00    0.00    0.00    0.00    0.00    0.00    0.00  100.00
Average:      14    0.00    0.00    0.00    0.00    0.00    0.00    0.00    0.00    0.00  100.00
Average:      15    0.00    0.00    0.00    0.00    0.00    0.00    0.00    0.00    0.00  100.00
Average:      16    0.00    0.00    0.00    0.00    0.00    0.00    0.00    0.00    0.00  100.00
Average:      17    0.00    0.00    0.00    0.00    0.00    0.00    0.00    0.00    0.00  100.00
Average:      18    0.00    0.00    0.00    0.00    0.00    0.00    0.00    0.00    0.00  100.00
Average:      19    0.00    0.00    0.00    0.00    0.00    0.00    0.00    0.00    0.00  100.00

Overall CPU usage:
[------------------------------] 0%

[1m[35m========== MEMORY INFO ==========(B[m
               total        used        free      shared  buff/cache   available
Mem:           7.6Gi       1.3Gi       4.6Gi        30Mi       2.0Gi       6.3Gi
Swap:          2.0Gi          0B       2.0Gi

[1m[34m========== DISK USAGE ==========(B[m
Filesystem      Size  Used Avail Use% Mounted on
none            3.9G     0  3.9G   0% /usr/lib/modules/5.15.167.4-microsoft-standard-WSL2
none            3.9G  4.0K  3.9G   1% /mnt/wsl
none            3.9G  632K  3.9G   1% /mnt/wsl/docker-desktop/shared-sockets/host-services
/dev/sdc       1007G   56M  956G   1% /mnt/wsl/docker-desktop/docker-desktop-user-distro
/dev/loop0      532M  532M     0 100% /mnt/wsl/docker-desktop/cli-tools
drivers         477G  422G   56G  89% /usr/lib/wsl/drivers
/dev/sde       1007G  3.4G  953G   1% /
none            3.9G  2.1M  3.8G   1% /mnt/wslg
none            3.9G     0  3.9G   0% /usr/lib/wsl/lib
rootfs          3.8G  2.4M  3.8G   1% /init
none            3.9G  580K  3.9G   1% /run
none            3.9G     0  3.9G   0% /run/lock
none            3.9G     0  3.9G   0% /run/shm
tmpfs           4.0M     0  4.0M   0% /sys/fs/cgroup
none            3.9G  548K  3.9G   1% /mnt/wslg/versions.txt
none            3.9G  548K  3.9G   1% /mnt/wslg/doc
C:\             477G  422G   56G  89% /mnt/c
tmpfs           779M   20K  779M   1% /run/user/1000

[1m[33m========== TOP PROCESSES (by CPU) ==========(B[m
    PID    PPID USER     %CPU %MEM COMMAND
 107345     479 latex     0.1  0.0 bash ./system_monitor.sh
   7850     478 latex     0.0  0.0 bash ./system_monitor.sh
   6991     478 latex     0.0  0.0 bash ./system_monitor.sh
   5852     478 latex     0.0  0.0 bash ./system_monitor.sh
   6701     478 latex     0.0  0.0 bash ./system_monitor.sh
   6276     478 latex     0.0  0.0 bash ./system_monitor.sh
    428     246 latex     0.0  1.5 /home/latex/actions-runner/bin/Runner.Listener run --startuptype service
     52       1 root      0.0  0.1 /usr/lib/systemd/systemd-journald
      1       0 root      0.0  0.1 /sbin/init
    311       1 root      0.0  0.4 /usr/sbin/apache2 -k start
     97       1 root      0.0  0.0 /usr/lib/systemd/systemd-udevd
    160       1 message+  0.0  0.0 @dbus-daemon --system --address=systemd: --nofork --nopidfile --systemd-activation --syslog-only
  35952     478 latex     0.0  0.3 yad --plug=35188 --tabnum=1 --list --no-headers --column=ID:HD --column=Item --tooltip-column=2 --print-column=1 --dclick-action=echo %s
  35981     478 latex     0.0  0.3 yad --plug=35188 --tabnum=2 --text-info --wrap --margins=15 --fontname=monospace 10 --filename=/tmp/tmp.FVPctXIGDR

[1m[32m========== GPU INFO ==========(B[m
Detected NVIDIA GPU via nvidia-smi.

--- Basic GPU Info ---
NVIDIA GeForce RTX 3060 Laptop GPU, 6144 MiB, 1012 MiB, 4985 MiB, 5 %, 58

--- Full nvidia-smi output (short) ---
Thu Dec 18 01:03:20 2025       
+-----------------------------------------------------------------------------------------+
| NVIDIA-SMI 580.91                 Driver Version: 581.32         CUDA Version: 13.0     |
+-----------------------------------------+------------------------+----------------------+
| GPU  Name                 Persistence-M | Bus-Id          Disp.A | Volatile Uncorr. ECC |
| Fan  Temp   Perf          Pwr:Usage/Cap |           Memory-Usage | GPU-Util  Compute M. |
|                                         |                        |               MIG M. |
|=========================================+========================+======================|
|   0  NVIDIA GeForce RTX 3060 ...    On  |   00000000:01:00.0 Off |                  N/A |
| N/A   58C    P8             15W /  115W |    1012MiB /   6144MiB |      8%      Default |
|                                         |                        |                  N/A |
+-----------------------------------------+------------------------+----------------------+

+-----------------------------------------------------------------------------------------+
| Processes:                                                                              |
|  GPU   GI   CI              PID   Type   Process name                        GPU Memory |
|        ID   ID                                                               Usage      |
|=========================================================================================|
|  No running processes found                                                             |
+-----------------------------------------------------------------------------------------+

[1m[34m========== NETWORK ==========(B[m
Interfaces (RX/TX bytes):
IFACE      RX (MB)         TX (MB)        
eth0       41.3            1.7            

IP addresses:
1: lo: <LOOPBACK,UP,LOWER_UP> mtu 65536 qdisc noqueue state UNKNOWN group default qlen 1000
inet 127.0.0.1/8 scope host lo
valid_lft forever preferred_lft forever
2: eth0: <BROADCAST,MULTICAST,UP,LOWER_UP> mtu 1492 qdisc mq state UP group default qlen 1000
inet 172.23.177.154/20 brd 172.23.191.255 scope global eth0
valid_lft forever preferred_lft forever

[1m[36m========== SYSTEM INFO ==========(B[m
Hostname: DESKTOP-ZMFUYSJ
Kernel: Linux 5.15.167.4-microsoft-standard-WSL2
Distro: Ubuntu 24.04
Uptime:
 01:03:20 up  4:15,  1 user,  load average: 0.22, 0.13, 0.06

Logged-in users:
latex    pts/1        2025-12-17 20:56

Power / battery:
Battery: BAT1
Full
100


==========================================

==========================================
TIMESTAMP: 2025-12-18 01:03:22
==========================================

[1m[36m========== CPU INFO ==========(B[m
Model name:
12th Gen Intel(R) Core(TM) i7-12700H

Cores (logical / physical estimate):
  Logical:  20
  Physical cores per socket (from cpuinfo): 10

Load averages (1m, 5m, 15m):
 01:03:22 up  4:15,  1 user,  load average: 0.20, 0.13, 0.06

CPU temperature:
CPU temperature not available (need 'lm-sensors' or thermal sysfs).

[1m[36m========== CPU USAGE ==========(B[m
Linux 5.15.167.4-microsoft-standard-WSL2 (DESKTOP-ZMFUYSJ) 	12/18/25 	_x86_64_	(20 CPU)

01:03:22     CPU    %usr   %nice    %sys %iowait    %irq   %soft  %steal  %guest  %gnice   %idle
01:03:23     all    0.10    0.00    0.20    0.00    0.00    0.00    0.00    0.00    0.00   99.70
01:03:23       0    0.00    0.00    1.00    0.00    0.00    0.00    0.00    0.00    0.00   99.00
01:03:23       1    0.00    0.00    0.00    0.00    0.00    0.00    0.00    0.00    0.00  100.00
01:03:23       2    1.00    0.00    0.00    0.00    0.00    0.00    0.00    0.00    0.00   99.00
01:03:23       3    0.00    0.00    0.00    0.00    0.00    0.00    0.00    0.00    0.00  100.00
01:03:23       4    0.00    0.00    1.00    0.00    0.00    0.00    0.00    0.00    0.00   99.00
01:03:23       5    0.00    0.00    0.00    0.00    0.00    0.00    0.00    0.00    0.00  100.00
01:03:23       6    0.00    0.00    0.00    0.00    0.00    0.00    0.00    0.00    0.00  100.00
01:03:23       7    0.00    0.00    0.00    0.00    0.00    0.00    0.00    0.00    0.00  100.00
01:03:23       8    0.99    0.00    0.00    0.00    0.00    0.00    0.00    0.00    0.00   99.01
01:03:23       9    0.00    0.00    0.00    0.00    0.00    0.00    0.00    0.00    0.00  100.00
01:03:23      10    0.00    0.00    1.00    0.00    0.00    0.00    0.00    0.00    0.00   99.00
01:03:23      11    0.00    0.00    0.00    0.00    0.00    0.00    0.00    0.00    0.00  100.00
01:03:23      12    0.00    0.00    0.00    0.00    0.00    0.00    0.00    0.00    0.00  100.00
01:03:23      13    0.00    0.00    0.00    0.00    0.00    0.00    0.00    0.00    0.00  100.00
01:03:23      14    0.00    0.00    0.00    0.00    0.00    0.00    0.00    0.00    0.00  100.00
01:03:23      15    0.00    0.00    0.00    0.00    0.00    0.00    0.00    0.00    0.00  100.00
01:03:23      16    0.00    0.00    1.00    0.00    0.00    0.00    0.00    0.00    0.00   99.00
01:03:23      17    0.00    0.00    0.00    0.00    0.00    0.00    0.00    0.00    0.00  100.00
01:03:23      18    0.00    0.00    0.00    0.00    0.00    0.00    0.00    0.00    0.00  100.00
01:03:23      19    0.00    0.00    0.00    0.00    0.00    0.00    0.00    0.00    0.00  100.00

Average:     CPU    %usr   %nice    %sys %iowait    %irq   %soft  %steal  %guest  %gnice   %idle
Average:     all    0.10    0.00    0.20    0.00    0.00    0.00    0.00    0.00    0.00   99.70
Average:       0    0.00    0.00    1.00    0.00    0.00    0.00    0.00    0.00    0.00   99.00
Average:       1    0.00    0.00    0.00    0.00    0.00    0.00    0.00    0.00    0.00  100.00
Average:       2    1.00    0.00    0.00    0.00    0.00    0.00    0.00    0.00    0.00   99.00
Average:       3    0.00    0.00    0.00    0.00    0.00    0.00    0.00    0.00    0.00  100.00
Average:       4    0.00    0.00    1.00    0.00    0.00    0.00    0.00    0.00    0.00   99.00
Average:       5    0.00    0.00    0.00    0.00    0.00    0.00    0.00    0.00    0.00  100.00
Average:       6    0.00    0.00    0.00    0.00    0.00    0.00    0.00    0.00    0.00  100.00
Average:       7    0.00    0.00    0.00    0.00    0.00    0.00    0.00    0.00    0.00  100.00
Average:       8    0.99    0.00    0.00    0.00    0.00    0.00    0.00    0.00    0.00   99.01
Average:       9    0.00    0.00    0.00    0.00    0.00    0.00    0.00    0.00    0.00  100.00
Average:      10    0.00    0.00    1.00    0.00    0.00    0.00    0.00    0.00    0.00   99.00
Average:      11    0.00    0.00    0.00    0.00    0.00    0.00    0.00    0.00    0.00  100.00
Average:      12    0.00    0.00    0.00    0.00    0.00    0.00    0.00    0.00    0.00  100.00
Average:      13    0.00    0.00    0.00    0.00    0.00    0.00    0.00    0.00    0.00  100.00
Average:      14    0.00    0.00    0.00    0.00    0.00    0.00    0.00    0.00    0.00  100.00
Average:      15    0.00    0.00    0.00    0.00    0.00    0.00    0.00    0.00    0.00  100.00
Average:      16    0.00    0.00    1.00    0.00    0.00    0.00    0.00    0.00    0.00   99.00
Average:      17    0.00    0.00    0.00    0.00    0.00    0.00    0.00    0.00    0.00  100.00
Average:      18    0.00    0.00    0.00    0.00    0.00    0.00    0.00    0.00    0.00  100.00
Average:      19    0.00    0.00    0.00    0.00    0.00    0.00    0.00    0.00    0.00  100.00

Overall CPU usage:
[------------------------------] 0%

[1m[35m========== MEMORY INFO ==========(B[m
               total        used        free      shared  buff/cache   available
Mem:           7.6Gi       1.3Gi       4.6Gi        30Mi       2.0Gi       6.3Gi
Swap:          2.0Gi          0B       2.0Gi

[1m[34m========== DISK USAGE ==========(B[m
Filesystem      Size  Used Avail Use% Mounted on
none            3.9G     0  3.9G   0% /usr/lib/modules/5.15.167.4-microsoft-standard-WSL2
none            3.9G  4.0K  3.9G   1% /mnt/wsl
none            3.9G  632K  3.9G   1% /mnt/wsl/docker-desktop/shared-sockets/host-services
/dev/sdc       1007G   56M  956G   1% /mnt/wsl/docker-desktop/docker-desktop-user-distro
/dev/loop0      532M  532M     0 100% /mnt/wsl/docker-desktop/cli-tools
drivers         477G  422G   56G  89% /usr/lib/wsl/drivers
/dev/sde       1007G  3.4G  953G   1% /
none            3.9G  2.1M  3.8G   1% /mnt/wslg
none            3.9G     0  3.9G   0% /usr/lib/wsl/lib
rootfs          3.8G  2.4M  3.8G   1% /init
none            3.9G  580K  3.9G   1% /run
none            3.9G     0  3.9G   0% /run/lock
none            3.9G     0  3.9G   0% /run/shm
tmpfs           4.0M     0  4.0M   0% /sys/fs/cgroup
none            3.9G  548K  3.9G   1% /mnt/wslg/versions.txt
none            3.9G  548K  3.9G   1% /mnt/wslg/doc
C:\             477G  422G   56G  89% /mnt/c
tmpfs           779M   20K  779M   1% /run/user/1000

[1m[33m========== TOP PROCESSES (by CPU) ==========(B[m
    PID    PPID USER     %CPU %MEM COMMAND
 107345     479 latex     0.2  0.0 bash ./system_monitor.sh
   7850     478 latex     0.0  0.0 bash ./system_monitor.sh
   6991     478 latex     0.0  0.0 bash ./system_monitor.sh
   5852     478 latex     0.0  0.0 bash ./system_monitor.sh
   6701     478 latex     0.0  0.0 bash ./system_monitor.sh
   6276     478 latex     0.0  0.0 bash ./system_monitor.sh
    428     246 latex     0.0  1.5 /home/latex/actions-runner/bin/Runner.Listener run --startuptype service
     52       1 root      0.0  0.1 /usr/lib/systemd/systemd-journald
      1       0 root      0.0  0.1 /sbin/init
    311       1 root      0.0  0.4 /usr/sbin/apache2 -k start
     97       1 root      0.0  0.0 /usr/lib/systemd/systemd-udevd
    160       1 message+  0.0  0.0 @dbus-daemon --system --address=systemd: --nofork --nopidfile --systemd-activation --syslog-only
  35952     478 latex     0.0  0.3 yad --plug=35188 --tabnum=1 --list --no-headers --column=ID:HD --column=Item --tooltip-column=2 --print-column=1 --dclick-action=echo %s
  35981     478 latex     0.0  0.3 yad --plug=35188 --tabnum=2 --text-info --wrap --margins=15 --fontname=monospace 10 --filename=/tmp/tmp.FVPctXIGDR

[1m[32m========== GPU INFO ==========(B[m
Detected NVIDIA GPU via nvidia-smi.

--- Basic GPU Info ---
NVIDIA GeForce RTX 3060 Laptop GPU, 6144 MiB, 1015 MiB, 4982 MiB, 21 %, 58

--- Full nvidia-smi output (short) ---
Thu Dec 18 01:03:25 2025       
+-----------------------------------------------------------------------------------------+
| NVIDIA-SMI 580.91                 Driver Version: 581.32         CUDA Version: 13.0     |
+-----------------------------------------+------------------------+----------------------+
| GPU  Name                 Persistence-M | Bus-Id          Disp.A | Volatile Uncorr. ECC |
| Fan  Temp   Perf          Pwr:Usage/Cap |           Memory-Usage | GPU-Util  Compute M. |
|                                         |                        |               MIG M. |
|=========================================+========================+======================|
|   0  NVIDIA GeForce RTX 3060 ...    On  |   00000000:01:00.0 Off |                  N/A |
| N/A   58C    P8             16W /  115W |    1015MiB /   6144MiB |     17%      Default |
|                                         |                        |                  N/A |
+-----------------------------------------+------------------------+----------------------+

+-----------------------------------------------------------------------------------------+
| Processes:                                                                              |
|  GPU   GI   CI              PID   Type   Process name                        GPU Memory |
|        ID   ID                                                               Usage      |
|=========================================================================================|
|  No running processes found                                                             |
+-----------------------------------------------------------------------------------------+

[1m[34m========== NETWORK ==========(B[m
Interfaces (RX/TX bytes):
IFACE      RX (MB)         TX (MB)        
eth0       41.3            1.7            

IP addresses:
1: lo: <LOOPBACK,UP,LOWER_UP> mtu 65536 qdisc noqueue state UNKNOWN group default qlen 1000
inet 127.0.0.1/8 scope host lo
valid_lft forever preferred_lft forever
2: eth0: <BROADCAST,MULTICAST,UP,LOWER_UP> mtu 1492 qdisc mq state UP group default qlen 1000
inet 172.23.177.154/20 brd 172.23.191.255 scope global eth0
valid_lft forever preferred_lft forever

[1m[36m========== SYSTEM INFO ==========(B[m
Hostname: DESKTOP-ZMFUYSJ
Kernel: Linux 5.15.167.4-microsoft-standard-WSL2
Distro: Ubuntu 24.04
Uptime:
 01:03:25 up  4:15,  1 user,  load average: 0.20, 0.13, 0.06

Logged-in users:
latex    pts/1        2025-12-17 20:56

Power / battery:
Battery: BAT1
Full
100


==========================================

==========================================
TIMESTAMP: 2025-12-18 01:03:26
==========================================

[1m[36m========== CPU INFO ==========(B[m
Model name:
12th Gen Intel(R) Core(TM) i7-12700H

Cores (logical / physical estimate):
  Logical:  20
  Physical cores per socket (from cpuinfo): 10

Load averages (1m, 5m, 15m):
 01:03:26 up  4:15,  1 user,  load average: 0.18, 0.13, 0.05

CPU temperature:
CPU temperature not available (need 'lm-sensors' or thermal sysfs).

[1m[36m========== CPU USAGE ==========(B[m
Linux 5.15.167.4-microsoft-standard-WSL2 (DESKTOP-ZMFUYSJ) 	12/18/25 	_x86_64_	(20 CPU)

01:03:26     CPU    %usr   %nice    %sys %iowait    %irq   %soft  %steal  %guest  %gnice   %idle
01:03:27     all    0.05    0.00    0.10    0.00    0.00    0.10    0.00    0.00    0.00   99.75
01:03:27       0    0.00    0.00    0.00    0.00    0.00    1.96    0.00    0.00    0.00   98.04
01:03:27       1    0.00    0.00    0.00    0.00    0.00    0.00    0.00    0.00    0.00  100.00
01:03:27       2    0.00    0.00    0.00    0.00    0.00    0.00    0.00    0.00    0.00  100.00
01:03:27       3    0.00    0.00    0.00    0.00    0.00    0.00    0.00    0.00    0.00  100.00
01:03:27       4    0.00    0.00    0.00    0.00    0.00    0.00    0.00    0.00    0.00  100.00
01:03:27       5    0.00    0.00    0.00    0.00    0.00    0.00    0.00    0.00    0.00  100.00
01:03:27       6    0.00    0.00    1.00    0.00    0.00    0.00    0.00    0.00    0.00   99.00
01:03:27       7    0.00    0.00    0.00    0.00    0.00    0.00    0.00    0.00    0.00  100.00
01:03:27       8    0.00    0.00    1.00    0.00    0.00    0.00    0.00    0.00    0.00   99.00
01:03:27       9    0.00    0.00    0.00    0.00    0.00    0.00    0.00    0.00    0.00  100.00
01:03:27      10    0.00    0.00    0.00    0.00    0.00    0.00    0.00    0.00    0.00  100.00
01:03:27      11    0.00    0.00    0.00    0.00    0.00    0.00    0.00    0.00    0.00  100.00
01:03:27      12    0.99    0.00    0.00    0.00    0.00    0.00    0.00    0.00    0.00   99.01
01:03:27      13    0.00    0.00    0.00    0.00    0.00    0.00    0.00    0.00    0.00  100.00
01:03:27      14    0.00    0.00    0.00    0.00    0.00    0.00    0.00    0.00    0.00  100.00
01:03:27      15    0.00    0.00    0.00    0.00    0.00    0.00    0.00    0.00    0.00  100.00
01:03:27      16    0.00    0.00    0.00    0.00    0.00    0.00    0.00    0.00    0.00  100.00
01:03:27      17    0.00    0.00    0.00    0.00    0.00    0.00    0.00    0.00    0.00  100.00
01:03:27      18    0.00    0.00    0.00    0.00    0.00    0.00    0.00    0.00    0.00  100.00
01:03:27      19    0.00    0.00    0.00    0.00    0.00    0.00    0.00    0.00    0.00  100.00

Average:     CPU    %usr   %nice    %sys %iowait    %irq   %soft  %steal  %guest  %gnice   %idle
Average:     all    0.05    0.00    0.10    0.00    0.00    0.10    0.00    0.00    0.00   99.75
Average:       0    0.00    0.00    0.00    0.00    0.00    1.96    0.00    0.00    0.00   98.04
Average:       1    0.00    0.00    0.00    0.00    0.00    0.00    0.00    0.00    0.00  100.00
Average:       2    0.00    0.00    0.00    0.00    0.00    0.00    0.00    0.00    0.00  100.00
Average:       3    0.00    0.00    0.00    0.00    0.00    0.00    0.00    0.00    0.00  100.00
Average:       4    0.00    0.00    0.00    0.00    0.00    0.00    0.00    0.00    0.00  100.00
Average:       5    0.00    0.00    0.00    0.00    0.00    0.00    0.00    0.00    0.00  100.00
Average:       6    0.00    0.00    1.00    0.00    0.00    0.00    0.00    0.00    0.00   99.00
Average:       7    0.00    0.00    0.00    0.00    0.00    0.00    0.00    0.00    0.00  100.00
Average:       8    0.00    0.00    1.00    0.00    0.00    0.00    0.00    0.00    0.00   99.00
Average:       9    0.00    0.00    0.00    0.00    0.00    0.00    0.00    0.00    0.00  100.00
Average:      10    0.00    0.00    0.00    0.00    0.00    0.00    0.00    0.00    0.00  100.00
Average:      11    0.00    0.00    0.00    0.00    0.00    0.00    0.00    0.00    0.00  100.00
Average:      12    0.99    0.00    0.00    0.00    0.00    0.00    0.00    0.00    0.00   99.01
Average:      13    0.00    0.00    0.00    0.00    0.00    0.00    0.00    0.00    0.00  100.00
Average:      14    0.00    0.00    0.00    0.00    0.00    0.00    0.00    0.00    0.00  100.00
Average:      15    0.00    0.00    0.00    0.00    0.00    0.00    0.00    0.00    0.00  100.00
Average:      16    0.00    0.00    0.00    0.00    0.00    0.00    0.00    0.00    0.00  100.00
Average:      17    0.00    0.00    0.00    0.00    0.00    0.00    0.00    0.00    0.00  100.00
Average:      18    0.00    0.00    0.00    0.00    0.00    0.00    0.00    0.00    0.00  100.00
Average:      19    0.00    0.00    0.00    0.00    0.00    0.00    0.00    0.00    0.00  100.00

Overall CPU usage:
[------------------------------] 0%

[1m[35m========== MEMORY INFO ==========(B[m
               total        used        free      shared  buff/cache   available
Mem:           7.6Gi       1.3Gi       4.6Gi        30Mi       2.0Gi       6.3Gi
Swap:          2.0Gi          0B       2.0Gi

[1m[34m========== DISK USAGE ==========(B[m
Filesystem      Size  Used Avail Use% Mounted on
none            3.9G     0  3.9G   0% /usr/lib/modules/5.15.167.4-microsoft-standard-WSL2
none            3.9G  4.0K  3.9G   1% /mnt/wsl
none            3.9G  632K  3.9G   1% /mnt/wsl/docker-desktop/shared-sockets/host-services
/dev/sdc       1007G   56M  956G   1% /mnt/wsl/docker-desktop/docker-desktop-user-distro
/dev/loop0      532M  532M     0 100% /mnt/wsl/docker-desktop/cli-tools
drivers         477G  422G   56G  89% /usr/lib/wsl/drivers
/dev/sde       1007G  3.4G  953G   1% /
none            3.9G  2.1M  3.8G   1% /mnt/wslg
none            3.9G     0  3.9G   0% /usr/lib/wsl/lib
rootfs          3.8G  2.4M  3.8G   1% /init
none            3.9G  580K  3.9G   1% /run
none            3.9G     0  3.9G   0% /run/lock
none            3.9G     0  3.9G   0% /run/shm
tmpfs           4.0M     0  4.0M   0% /sys/fs/cgroup
none            3.9G  548K  3.9G   1% /mnt/wslg/versions.txt
none            3.9G  548K  3.9G   1% /mnt/wslg/doc
C:\             477G  422G   56G  89% /mnt/c
tmpfs           779M   20K  779M   1% /run/user/1000

[1m[33m========== TOP PROCESSES (by CPU) ==========(B[m
    PID    PPID USER     %CPU %MEM COMMAND
 107345     479 latex     0.2  0.0 bash ./system_monitor.sh
   7850     478 latex     0.0  0.0 bash ./system_monitor.sh
   6991     478 latex     0.0  0.0 bash ./system_monitor.sh
   5852     478 latex     0.0  0.0 bash ./system_monitor.sh
   6701     478 latex     0.0  0.0 bash ./system_monitor.sh
   6276     478 latex     0.0  0.0 bash ./system_monitor.sh
    428     246 latex     0.0  1.5 /home/latex/actions-runner/bin/Runner.Listener run --startuptype service
     52       1 root      0.0  0.1 /usr/lib/systemd/systemd-journald
      1       0 root      0.0  0.1 /sbin/init
    311       1 root      0.0  0.4 /usr/sbin/apache2 -k start
     97       1 root      0.0  0.0 /usr/lib/systemd/systemd-udevd
    160       1 message+  0.0  0.0 @dbus-daemon --system --address=systemd: --nofork --nopidfile --systemd-activation --syslog-only
  35952     478 latex     0.0  0.3 yad --plug=35188 --tabnum=1 --list --no-headers --column=ID:HD --column=Item --tooltip-column=2 --print-column=1 --dclick-action=echo %s
  35981     478 latex     0.0  0.3 yad --plug=35188 --tabnum=2 --text-info --wrap --margins=15 --fontname=monospace 10 --filename=/tmp/tmp.FVPctXIGDR

[1m[32m========== GPU INFO ==========(B[m
Detected NVIDIA GPU via nvidia-smi.

--- Basic GPU Info ---
NVIDIA GeForce RTX 3060 Laptop GPU, 6144 MiB, 1028 MiB, 4969 MiB, 6 %, 58

--- Full nvidia-smi output (short) ---
