Timestamp: 2025-12-16 00:47:02
CPU usage: 0.04%
Memory:
  Used: 702Mi / 15Gi
Root FS:
  Used: 1.9G / 1007G (1%)

Timestamp: 2025-12-16 00:47:05
CPU usage: 0%
Memory:
  Used: 702Mi / 15Gi
Root FS:
  Used: 1.9G / 1007G (1%)

Timestamp: 2025-12-16 00:47:08
CPU usage: 0.08%
Memory:
  Used: 702Mi / 15Gi
Root FS:
  Used: 1.9G / 1007G (1%)

Timestamp: 2025-12-16 00:47:11
CPU usage: 0%
Memory:
  Used: 703Mi / 15Gi
Root FS:
  Used: 1.9G / 1007G (1%)

Timestamp: 2025-12-16 00:47:14
CPU usage: 0.04%
Memory:
  Used: 703Mi / 15Gi
Root FS:
  Used: 1.9G / 1007G (1%)

Timestamp: 2025-12-16 00:47:17
CPU usage: 0.24%
Memory:
  Used: 704Mi / 15Gi
Root FS:
  Used: 1.9G / 1007G (1%)

Timestamp: 2025-12-16 00:47:18
CPU usage: 0%
Memory:
  Used: 704Mi / 15Gi
Root FS:
  Used: 1.9G / 1007G (1%)

Timestamp: 2025-12-16 00:47:21
CPU usage: 0%
Memory:
  Used: 704Mi / 15Gi
Root FS:
  Used: 1.9G / 1007G (1%)

Timestamp: 2025-12-16 00:47:24
CPU usage: 0%
Memory:
  Used: 704Mi / 15Gi
Root FS:
  Used: 1.9G / 1007G (1%)

Timestamp: 2025-12-16 00:47:27
CPU usage: 0%
Memory:
  Used: 705Mi / 15Gi
Root FS:
  Used: 1.9G / 1007G (1%)

Timestamp: 2025-12-16 00:47:30
CPU usage: 0.04%
Memory:
  Used: 705Mi / 15Gi
Root FS:
  Used: 1.9G / 1007G (1%)

Timestamp: 2025-12-16 00:47:34
CPU usage: 0%
Memory:
  Used: 707Mi / 15Gi
Root FS:
  Used: 1.9G / 1007G (1%)

Timestamp: 2025-12-16 00:47:37
CPU usage: 0.04%
Memory:
  Used: 705Mi / 15Gi
Root FS:
  Used: 1.9G / 1007G (1%)

Timestamp: 2025-12-16 00:47:40
CPU usage: 0%
Memory:
  Used: 705Mi / 15Gi
Root FS:
  Used: 1.9G / 1007G (1%)

Timestamp: 2025-12-16 00:47:43
CPU usage: 0%
Memory:
  Used: 705Mi / 15Gi
Root FS:
  Used: 1.9G / 1007G (1%)

Timestamp: 2025-12-16 00:47:46
CPU usage: 0.04%
Memory:
  Used: 705Mi / 15Gi
Root FS:
  Used: 1.9G / 1007G (1%)

Timestamp: 2025-12-16 00:47:47
CPU usage: 0%
Memory:
  Used: 705Mi / 15Gi
Root FS:
  Used: 1.9G / 1007G (1%)

==========================================
TIMESTAMP: 2025-12-16 01:02:42
==========================================

========== CPU INFO ==========
Model name:
13th Gen Intel(R) Core(TM) i7-13700K

Cores (logical / physical estimate):
  Logical:  24
  Physical cores per socket (from cpuinfo): 12

Load averages (1m, 5m, 15m):
 01:02:42 up  1:28,  1 user,  load average: 0.00, 0.00, 0.00

CPU temperature:
CPU temperature not available (need 'lm-sensors' or thermal sysfs).

========== CPU USAGE ==========
Linux 5.15.167.4-microsoft-standard-WSL2 (DESKTOP-IXVGB1S) 	12/16/25 	_x86_64_	(24 CPU)

01:02:42     CPU    %usr   %nice    %sys %iowait    %irq   %soft  %steal  %guest  %gnice   %idle
01:02:43     all    0.00    0.00    0.00    0.00    0.00    0.00    0.00    0.00    0.00  100.00
01:02:43       0    0.00    0.00    0.00    0.00    0.00    0.00    0.00    0.00    0.00  100.00
01:02:43       1    0.00    0.00    0.00    0.00    0.00    0.00    0.00    0.00    0.00  100.00
01:02:43       2    0.00    0.00    0.00    0.00    0.00    0.00    0.00    0.00    0.00  100.00
01:02:43       3    0.00    0.00    0.00    0.00    0.00    0.00    0.00    0.00    0.00  100.00
01:02:43       4    0.00    0.00    0.00    0.00    0.00    0.00    0.00    0.00    0.00  100.00
01:02:43       5    0.00    0.00    0.00    0.00    0.00    0.00    0.00    0.00    0.00  100.00
01:02:43       6    0.00    0.00    0.00    0.00    0.00    0.00    0.00    0.00    0.00  100.00
01:02:43       7    0.00    0.00    0.00    0.00    0.00    0.00    0.00    0.00    0.00  100.00
01:02:43       8    0.00    0.00    0.00    0.00    0.00    0.00    0.00    0.00    0.00  100.00
01:02:43       9    0.00    0.00    0.00    0.00    0.00    0.00    0.00    0.00    0.00  100.00
01:02:43      10    0.00    0.00    0.00    0.00    0.00    0.00    0.00    0.00    0.00  100.00
01:02:43      11    0.00    0.00    0.00    0.00    0.00    0.00    0.00    0.00    0.00  100.00
01:02:43      12    0.00    0.00    0.00    0.00    0.00    0.00    0.00    0.00    0.00  100.00
01:02:43      13    0.00    0.00    0.00    0.00    0.00    0.00    0.00    0.00    0.00  100.00
01:02:43      14    0.00    0.00    0.00    0.00    0.00    0.00    0.00    0.00    0.00  100.00
01:02:43      15    0.00    0.00    0.00    0.00    0.00    0.00    0.00    0.00    0.00  100.00
01:02:43      16    0.00    0.00    0.00    0.00    0.00    0.00    0.00    0.00    0.00  100.00
01:02:43      17    0.00    0.00    0.00    0.00    0.00    0.00    0.00    0.00    0.00  100.00
01:02:43      18    0.00    0.00    0.00    0.00    0.00    0.00    0.00    0.00    0.00  100.00
01:02:43      19    0.00    0.00    0.00    0.00    0.00    0.00    0.00    0.00    0.00  100.00
01:02:43      20    0.00    0.00    0.00    0.00    0.00    0.00    0.00    0.00    0.00  100.00
01:02:43      21    0.00    0.00    0.00    0.00    0.00    0.00    0.00    0.00    0.00  100.00
01:02:43      22    0.00    0.00    0.00    0.00    0.00    0.00    0.00    0.00    0.00  100.00
01:02:43      23    0.00    0.00    0.00    0.00    0.00    0.00    0.00    0.00    0.00  100.00

Average:     CPU    %usr   %nice    %sys %iowait    %irq   %soft  %steal  %guest  %gnice   %idle
Average:     all    0.00    0.00    0.00    0.00    0.00    0.00    0.00    0.00    0.00  100.00
Average:       0    0.00    0.00    0.00    0.00    0.00    0.00    0.00    0.00    0.00  100.00
Average:       1    0.00    0.00    0.00    0.00    0.00    0.00    0.00    0.00    0.00  100.00
Average:       2    0.00    0.00    0.00    0.00    0.00    0.00    0.00    0.00    0.00  100.00
Average:       3    0.00    0.00    0.00    0.00    0.00    0.00    0.00    0.00    0.00  100.00
Average:       4    0.00    0.00    0.00    0.00    0.00    0.00    0.00    0.00    0.00  100.00
Average:       5    0.00    0.00    0.00    0.00    0.00    0.00    0.00    0.00    0.00  100.00
Average:       6    0.00    0.00    0.00    0.00    0.00    0.00    0.00    0.00    0.00  100.00
Average:       7    0.00    0.00    0.00    0.00    0.00    0.00    0.00    0.00    0.00  100.00
Average:       8    0.00    0.00    0.00    0.00    0.00    0.00    0.00    0.00    0.00  100.00
Average:       9    0.00    0.00    0.00    0.00    0.00    0.00    0.00    0.00    0.00  100.00
Average:      10    0.00    0.00    0.00    0.00    0.00    0.00    0.00    0.00    0.00  100.00
Average:      11    0.00    0.00    0.00    0.00    0.00    0.00    0.00    0.00    0.00  100.00
Average:      12    0.00    0.00    0.00    0.00    0.00    0.00    0.00    0.00    0.00  100.00
Average:      13    0.00    0.00    0.00    0.00    0.00    0.00    0.00    0.00    0.00  100.00
Average:      14    0.00    0.00    0.00    0.00    0.00    0.00    0.00    0.00    0.00  100.00
Average:      15    0.00    0.00    0.00    0.00    0.00    0.00    0.00    0.00    0.00  100.00
Average:      16    0.00    0.00    0.00    0.00    0.00    0.00    0.00    0.00    0.00  100.00
Average:      17    0.00    0.00    0.00    0.00    0.00    0.00    0.00    0.00    0.00  100.00
Average:      18    0.00    0.00    0.00    0.00    0.00    0.00    0.00    0.00    0.00  100.00
Average:      19    0.00    0.00    0.00    0.00    0.00    0.00    0.00    0.00    0.00  100.00
Average:      20    0.00    0.00    0.00    0.00    0.00    0.00    0.00    0.00    0.00  100.00
Average:      21    0.00    0.00    0.00    0.00    0.00    0.00    0.00    0.00    0.00  100.00
Average:      22    0.00    0.00    0.00    0.00    0.00    0.00    0.00    0.00    0.00  100.00
Average:      23    0.00    0.00    0.00    0.00    0.00    0.00    0.00    0.00    0.00  100.00

Overall CPU usage:
[------------------------------] 0%

========== MEMORY INFO ==========
               total        used        free      shared  buff/cache   available
Mem:            15Gi       703Mi        14Gi       3.0Mi       217Mi        14Gi
Swap:          4.0Gi          0B       4.0Gi

========== DISK USAGE ==========
Filesystem      Size  Used Avail Use% Mounted on
none            7.8G     0  7.8G   0% /usr/lib/modules/5.15.167.4-microsoft-standard-WSL2
none            7.8G  4.0K  7.8G   1% /mnt/wsl
drivers         350G  313G   37G  90% /usr/lib/wsl/drivers
/dev/sdc       1007G  1.9G  954G   1% /
none            7.8G   76K  7.8G   1% /mnt/wslg
none            7.8G     0  7.8G   0% /usr/lib/wsl/lib
rootfs          7.8G  2.2M  7.8G   1% /init
none            7.8G  540K  7.8G   1% /run
none            7.8G     0  7.8G   0% /run/lock
none            7.8G     0  7.8G   0% /run/shm
tmpfs           4.0M     0  4.0M   0% /sys/fs/cgroup
none            7.8G   76K  7.8G   1% /mnt/wslg/versions.txt
none            7.8G   76K  7.8G   1% /mnt/wslg/doc
C:\             350G  313G   37G  90% /mnt/c
D:\             604G  278G  326G  47% /mnt/d
tmpfs           1.6G   16K  1.6G   1% /run/user/1000

========== TOP PROCESSES (by CPU) ==========
    PID    PPID USER     %CPU %MEM COMMAND
   1467     274 nas71     0.1  0.0 bash ./system_monitor.sh
      1       0 root      0.0  0.0 /sbin/init
    157       1 root      0.0  0.0 /usr/libexec/wsl-pro-service -vv
     49       1 root      0.0  0.0 /usr/lib/systemd/systemd-journald
     91       1 root      0.0  0.0 /usr/lib/systemd/systemd-udevd
    146       1 message+  0.0  0.0 @dbus-daemon --system --address=systemd: --nofork --nopidfile --systemd-activation --syslog-only
    139       1 systemd+  0.0  0.0 /usr/lib/systemd/systemd-timesyncd
    786       1 polkitd   0.0  0.0 /usr/lib/polkit-1/polkitd --no-debug
    328       1 nas71     0.0  0.0 /usr/lib/systemd/systemd --user
    182       1 syslog    0.0  0.0 /usr/sbin/rsyslogd -n -iNONE
    138       1 systemd+  0.0  0.0 /usr/lib/systemd/systemd-resolved
    190       1 root      0.0  0.1 /usr/bin/python3 /usr/share/unattended-upgrades/unattended-upgrade-shutdown --wait-for-signal
    154       1 root      0.0  0.0 /usr/lib/systemd/systemd-logind
    274     273 nas71     0.0  0.0 -bash

========== GPU INFO ==========
Detected NVIDIA GPU via nvidia-smi.

--- Basic GPU Info ---
NVIDIA GeForce RTX 3080, 10240 MiB, 1358 MiB, 8696 MiB, 25 %, 36

--- Full nvidia-smi output (short) ---
Tue Dec 16 01:02:44 2025       
+-----------------------------------------------------------------------------------------+
| NVIDIA-SMI 580.105.07             Driver Version: 581.80         CUDA Version: 13.0     |
+-----------------------------------------+------------------------+----------------------+
| GPU  Name                 Persistence-M | Bus-Id          Disp.A | Volatile Uncorr. ECC |
| Fan  Temp   Perf          Pwr:Usage/Cap |           Memory-Usage | GPU-Util  Compute M. |
|                                         |                        |               MIG M. |
|=========================================+========================+======================|
|   0  NVIDIA GeForce RTX 3080        On  |   00000000:01:00.0  On |                  N/A |
| 30%   36C    P0             88W /  320W |    1358MiB /  10240MiB |     26%      Default |
|                                         |                        |                  N/A |
+-----------------------------------------+------------------------+----------------------+

+-----------------------------------------------------------------------------------------+
| Processes:                                                                              |
|  GPU   GI   CI              PID   Type   Process name                        GPU Memory |
|        ID   ID                                                               Usage      |
|=========================================================================================|
|    0   N/A  N/A              33      G   /Xwayland                             N/A      |
+-----------------------------------------------------------------------------------------+

========== NETWORK ==========
Interfaces (RX/TX bytes):
IFACE      RX (MB)         TX (MB)        
eth0       82.8            0.6            

IP addresses:
1: lo: <LOOPBACK,UP,LOWER_UP> mtu 65536 qdisc noqueue state UNKNOWN group default qlen 1000
inet 127.0.0.1/8 scope host lo
valid_lft forever preferred_lft forever
inet 10.255.255.254/32 brd 10.255.255.254 scope global lo
valid_lft forever preferred_lft forever
2: eth0: <BROADCAST,MULTICAST,UP,LOWER_UP> mtu 1404 qdisc mq state UP group default qlen 1000
inet 172.28.99.182/20 brd 172.28.111.255 scope global eth0
valid_lft forever preferred_lft forever

========== SYSTEM INFO ==========
Hostname: DESKTOP-IXVGB1S
Kernel: Linux 5.15.167.4-microsoft-standard-WSL2
Distro: Ubuntu 24.04
Uptime:
 01:02:44 up  1:28,  1 user,  load average: 0.00, 0.00, 0.00

Logged-in users:
nas71    pts/1        2025-12-15 23:40

Power / battery:

==========================================

==========================================
TIMESTAMP: 2025-12-16 01:02:46
==========================================

========== CPU INFO ==========
Model name:
13th Gen Intel(R) Core(TM) i7-13700K

Cores (logical / physical estimate):
  Logical:  24
  Physical cores per socket (from cpuinfo): 12

Load averages (1m, 5m, 15m):
 01:02:46 up  1:28,  1 user,  load average: 0.00, 0.00, 0.00

CPU temperature:
CPU temperature not available (need 'lm-sensors' or thermal sysfs).

========== CPU USAGE ==========
Linux 5.15.167.4-microsoft-standard-WSL2 (DESKTOP-IXVGB1S) 	12/16/25 	_x86_64_	(24 CPU)

01:02:46     CPU    %usr   %nice    %sys %iowait    %irq   %soft  %steal  %guest  %gnice   %idle
01:02:47     all    0.00    0.00    0.00    0.00    0.00    0.00    0.00    0.00    0.00  100.00
01:02:47       0    0.00    0.00    0.00    0.00    0.00    0.00    0.00    0.00    0.00  100.00
01:02:47       1    0.00    0.00    0.00    0.00    0.00    0.00    0.00    0.00    0.00  100.00
01:02:47       2    0.00    0.00    0.00    0.00    0.00    0.00    0.00    0.00    0.00  100.00
01:02:47       3    0.00    0.00    0.00    0.00    0.00    0.00    0.00    0.00    0.00  100.00
01:02:47       4    0.00    0.00    0.00    0.00    0.00    0.00    0.00    0.00    0.00  100.00
01:02:47       5    0.00    0.00    0.00    0.00    0.00    0.00    0.00    0.00    0.00  100.00
01:02:47       6    0.00    0.00    0.00    0.00    0.00    0.00    0.00    0.00    0.00  100.00
01:02:47       7    0.00    0.00    0.00    0.00    0.00    0.00    0.00    0.00    0.00  100.00
01:02:47       8    0.00    0.00    0.00    0.00    0.00    0.00    0.00    0.00    0.00  100.00
01:02:47       9    0.00    0.00    0.00    0.00    0.00    0.00    0.00    0.00    0.00  100.00
01:02:47      10    0.00    0.00    0.00    0.00    0.00    0.00    0.00    0.00    0.00  100.00
01:02:47      11    0.00    0.00    0.00    0.00    0.00    0.00    0.00    0.00    0.00  100.00
01:02:47      12    0.00    0.00    0.00    0.00    0.00    0.00    0.00    0.00    0.00  100.00
01:02:47      13    0.00    0.00    0.00    0.00    0.00    0.00    0.00    0.00    0.00  100.00
01:02:47      14    0.00    0.00    0.00    0.00    0.00    0.00    0.00    0.00    0.00  100.00
01:02:47      15    0.00    0.00    0.00    0.00    0.00    0.00    0.00    0.00    0.00  100.00
01:02:47      16    0.00    0.00    0.00    0.00    0.00    0.00    0.00    0.00    0.00  100.00
01:02:47      17    0.00    0.00    0.00    0.00    0.00    0.00    0.00    0.00    0.00  100.00
01:02:47      18    0.00    0.00    0.00    0.00    0.00    0.00    0.00    0.00    0.00  100.00
01:02:47      19    0.00    0.00    0.00    0.00    0.00    0.00    0.00    0.00    0.00  100.00
01:02:47      20    0.00    0.00    0.00    0.00    0.00    0.00    0.00    0.00    0.00  100.00
01:02:47      21    0.00    0.00    0.00    0.00    0.00    0.00    0.00    0.00    0.00  100.00
01:02:47      22    0.00    0.00    0.00    0.00    0.00    0.00    0.00    0.00    0.00  100.00
01:02:47      23    0.00    0.00    0.00    0.00    0.00    0.00    0.00    0.00    0.00  100.00

Average:     CPU    %usr   %nice    %sys %iowait    %irq   %soft  %steal  %guest  %gnice   %idle
Average:     all    0.00    0.00    0.00    0.00    0.00    0.00    0.00    0.00    0.00  100.00
Average:       0    0.00    0.00    0.00    0.00    0.00    0.00    0.00    0.00    0.00  100.00
Average:       1    0.00    0.00    0.00    0.00    0.00    0.00    0.00    0.00    0.00  100.00
Average:       2    0.00    0.00    0.00    0.00    0.00    0.00    0.00    0.00    0.00  100.00
Average:       3    0.00    0.00    0.00    0.00    0.00    0.00    0.00    0.00    0.00  100.00
Average:       4    0.00    0.00    0.00    0.00    0.00    0.00    0.00    0.00    0.00  100.00
Average:       5    0.00    0.00    0.00    0.00    0.00    0.00    0.00    0.00    0.00  100.00
Average:       6    0.00    0.00    0.00    0.00    0.00    0.00    0.00    0.00    0.00  100.00
Average:       7    0.00    0.00    0.00    0.00    0.00    0.00    0.00    0.00    0.00  100.00
Average:       8    0.00    0.00    0.00    0.00    0.00    0.00    0.00    0.00    0.00  100.00
Average:       9    0.00    0.00    0.00    0.00    0.00    0.00    0.00    0.00    0.00  100.00
Average:      10    0.00    0.00    0.00    0.00    0.00    0.00    0.00    0.00    0.00  100.00
Average:      11    0.00    0.00    0.00    0.00    0.00    0.00    0.00    0.00    0.00  100.00
Average:      12    0.00    0.00    0.00    0.00    0.00    0.00    0.00    0.00    0.00  100.00
Average:      13    0.00    0.00    0.00    0.00    0.00    0.00    0.00    0.00    0.00  100.00
Average:      14    0.00    0.00    0.00    0.00    0.00    0.00    0.00    0.00    0.00  100.00
Average:      15    0.00    0.00    0.00    0.00    0.00    0.00    0.00    0.00    0.00  100.00
Average:      16    0.00    0.00    0.00    0.00    0.00    0.00    0.00    0.00    0.00  100.00
Average:      17    0.00    0.00    0.00    0.00    0.00    0.00    0.00    0.00    0.00  100.00
Average:      18    0.00    0.00    0.00    0.00    0.00    0.00    0.00    0.00    0.00  100.00
Average:      19    0.00    0.00    0.00    0.00    0.00    0.00    0.00    0.00    0.00  100.00
Average:      20    0.00    0.00    0.00    0.00    0.00    0.00    0.00    0.00    0.00  100.00
Average:      21    0.00    0.00    0.00    0.00    0.00    0.00    0.00    0.00    0.00  100.00
Average:      22    0.00    0.00    0.00    0.00    0.00    0.00    0.00    0.00    0.00  100.00
Average:      23    0.00    0.00    0.00    0.00    0.00    0.00    0.00    0.00    0.00  100.00

Overall CPU usage:
[------------------------------] 0%

========== MEMORY INFO ==========
               total        used        free      shared  buff/cache   available
Mem:            15Gi       701Mi        14Gi       3.0Mi       219Mi        14Gi
Swap:          4.0Gi          0B       4.0Gi

========== DISK USAGE ==========
Filesystem      Size  Used Avail Use% Mounted on
none            7.8G     0  7.8G   0% /usr/lib/modules/5.15.167.4-microsoft-standard-WSL2
none            7.8G  4.0K  7.8G   1% /mnt/wsl
drivers         350G  313G   37G  90% /usr/lib/wsl/drivers
/dev/sdc       1007G  1.9G  954G   1% /
none            7.8G   76K  7.8G   1% /mnt/wslg
none            7.8G     0  7.8G   0% /usr/lib/wsl/lib
rootfs          7.8G  2.2M  7.8G   1% /init
none            7.8G  540K  7.8G   1% /run
none            7.8G     0  7.8G   0% /run/lock
none            7.8G     0  7.8G   0% /run/shm
tmpfs           4.0M     0  4.0M   0% /sys/fs/cgroup
none            7.8G   76K  7.8G   1% /mnt/wslg/versions.txt
none            7.8G   76K  7.8G   1% /mnt/wslg/doc
C:\             350G  313G   37G  90% /mnt/c
D:\             604G  278G  326G  47% /mnt/d
tmpfs           1.6G   16K  1.6G   1% /run/user/1000

========== TOP PROCESSES (by CPU) ==========
    PID    PPID USER     %CPU %MEM COMMAND
   1467     274 nas71     0.0  0.0 bash ./system_monitor.sh
      1       0 root      0.0  0.0 /sbin/init
    157       1 root      0.0  0.0 /usr/libexec/wsl-pro-service -vv
     49       1 root      0.0  0.0 /usr/lib/systemd/systemd-journald
     91       1 root      0.0  0.0 /usr/lib/systemd/systemd-udevd
    146       1 message+  0.0  0.0 @dbus-daemon --system --address=systemd: --nofork --nopidfile --systemd-activation --syslog-only
    139       1 systemd+  0.0  0.0 /usr/lib/systemd/systemd-timesyncd
    786       1 polkitd   0.0  0.0 /usr/lib/polkit-1/polkitd --no-debug
    328       1 nas71     0.0  0.0 /usr/lib/systemd/systemd --user
    182       1 syslog    0.0  0.0 /usr/sbin/rsyslogd -n -iNONE
    138       1 systemd+  0.0  0.0 /usr/lib/systemd/systemd-resolved
    190       1 root      0.0  0.1 /usr/bin/python3 /usr/share/unattended-upgrades/unattended-upgrade-shutdown --wait-for-signal
    154       1 root      0.0  0.0 /usr/lib/systemd/systemd-logind
    274     273 nas71     0.0  0.0 -bash

========== GPU INFO ==========
Detected NVIDIA GPU via nvidia-smi.

--- Basic GPU Info ---
NVIDIA GeForce RTX 3080, 10240 MiB, 1401 MiB, 8653 MiB, 21 %, 37

--- Full nvidia-smi output (short) ---
Tue Dec 16 01:02:49 2025       
+-----------------------------------------------------------------------------------------+
| NVIDIA-SMI 580.105.07             Driver Version: 581.80         CUDA Version: 13.0     |
+-----------------------------------------+------------------------+----------------------+
| GPU  Name                 Persistence-M | Bus-Id          Disp.A | Volatile Uncorr. ECC |
| Fan  Temp   Perf          Pwr:Usage/Cap |           Memory-Usage | GPU-Util  Compute M. |
|                                         |                        |               MIG M. |
|=========================================+========================+======================|
|   0  NVIDIA GeForce RTX 3080        On  |   00000000:01:00.0  On |                  N/A |
| 30%   37C    P0             89W /  320W |    1401MiB /  10240MiB |     33%      Default |
|                                         |                        |                  N/A |
+-----------------------------------------+------------------------+----------------------+

+-----------------------------------------------------------------------------------------+
| Processes:                                                                              |
|  GPU   GI   CI              PID   Type   Process name                        GPU Memory |
|        ID   ID                                                               Usage      |
|=========================================================================================|
|    0   N/A  N/A              33      G   /Xwayland                             N/A      |
+-----------------------------------------------------------------------------------------+

========== NETWORK ==========
Interfaces (RX/TX bytes):
IFACE      RX (MB)         TX (MB)        
eth0       82.8            0.6            

IP addresses:
1: lo: <LOOPBACK,UP,LOWER_UP> mtu 65536 qdisc noqueue state UNKNOWN group default qlen 1000
inet 127.0.0.1/8 scope host lo
valid_lft forever preferred_lft forever
inet 10.255.255.254/32 brd 10.255.255.254 scope global lo
valid_lft forever preferred_lft forever
2: eth0: <BROADCAST,MULTICAST,UP,LOWER_UP> mtu 1404 qdisc mq state UP group default qlen 1000
inet 172.28.99.182/20 brd 172.28.111.255 scope global eth0
valid_lft forever preferred_lft forever

========== SYSTEM INFO ==========
Hostname: DESKTOP-IXVGB1S
Kernel: Linux 5.15.167.4-microsoft-standard-WSL2
Distro: Ubuntu 24.04
Uptime:
 01:02:49 up  1:28,  1 user,  load average: 0.00, 0.00, 0.00

Logged-in users:
nas71    pts/1        2025-12-15 23:40

Power / battery:

==========================================

==========================================
TIMESTAMP: 2025-12-16 01:02:51
==========================================

========== CPU INFO ==========
Model name:
13th Gen Intel(R) Core(TM) i7-13700K

Cores (logical / physical estimate):
  Logical:  24
  Physical cores per socket (from cpuinfo): 12

Load averages (1m, 5m, 15m):
 01:02:51 up  1:28,  1 user,  load average: 0.00, 0.00, 0.00

CPU temperature:
CPU temperature not available (need 'lm-sensors' or thermal sysfs).

========== CPU USAGE ==========
Linux 5.15.167.4-microsoft-standard-WSL2 (DESKTOP-IXVGB1S) 	12/16/25 	_x86_64_	(24 CPU)

01:02:51     CPU    %usr   %nice    %sys %iowait    %irq   %soft  %steal  %guest  %gnice   %idle
01:02:52     all    0.00    0.00    0.00    0.00    0.00    0.00    0.00    0.00    0.00  100.00
01:02:52       0    0.00    0.00    0.00    0.00    0.00    0.00    0.00    0.00    0.00  100.00
01:02:52       1    0.00    0.00    0.00    0.00    0.00    0.00    0.00    0.00    0.00  100.00
01:02:52       2    0.00    0.00    0.00    0.00    0.00    0.00    0.00    0.00    0.00  100.00
01:02:52       3    0.00    0.00    0.00    0.00    0.00    0.00    0.00    0.00    0.00  100.00
01:02:52       4    0.00    0.00    0.00    0.00    0.00    0.00    0.00    0.00    0.00  100.00
01:02:52       5    0.00    0.00    0.00    0.00    0.00    0.00    0.00    0.00    0.00  100.00
01:02:52       6    0.00    0.00    0.00    0.00    0.00    0.00    0.00    0.00    0.00  100.00
01:02:52       7    0.00    0.00    0.00    0.00    0.00    0.00    0.00    0.00    0.00  100.00
01:02:52       8    0.00    0.00    0.00    0.00    0.00    0.00    0.00    0.00    0.00  100.00
01:02:52       9    0.00    0.00    0.00    0.00    0.00    0.00    0.00    0.00    0.00  100.00
01:02:52      10    0.00    0.00    0.00    0.00    0.00    0.00    0.00    0.00    0.00  100.00
01:02:52      11    0.00    0.00    0.00    0.00    0.00    0.00    0.00    0.00    0.00  100.00
01:02:52      12    0.00    0.00    0.00    0.00    0.00    0.00    0.00    0.00    0.00  100.00
01:02:52      13    0.00    0.00    0.00    0.00    0.00    0.00    0.00    0.00    0.00  100.00
01:02:52      14    0.00    0.00    0.00    0.00    0.00    0.00    0.00    0.00    0.00  100.00
01:02:52      15    0.00    0.00    0.00    0.00    0.00    0.00    0.00    0.00    0.00  100.00
01:02:52      16    0.00    0.00    0.00    0.00    0.00    0.00    0.00    0.00    0.00  100.00
01:02:52      17    0.00    0.00    0.00    0.00    0.00    0.00    0.00    0.00    0.00  100.00
01:02:52      18    0.00    0.00    0.00    0.00    0.00    0.00    0.00    0.00    0.00  100.00
01:02:52      19    0.00    0.00    0.00    0.00    0.00    0.00    0.00    0.00    0.00  100.00
01:02:52      20    0.00    0.00    0.00    0.00    0.00    0.00    0.00    0.00    0.00  100.00
01:02:52      21    0.00    0.00    0.00    0.00    0.00    0.00    0.00    0.00    0.00  100.00
01:02:52      22    0.00    0.00    0.00    0.00    0.00    0.00    0.00    0.00    0.00  100.00
01:02:52      23    0.00    0.00    0.00    0.00    0.00    0.00    0.00    0.00    0.00  100.00

Average:     CPU    %usr   %nice    %sys %iowait    %irq   %soft  %steal  %guest  %gnice   %idle
Average:     all    0.00    0.00    0.00    0.00    0.00    0.00    0.00    0.00    0.00  100.00
Average:       0    0.00    0.00    0.00    0.00    0.00    0.00    0.00    0.00    0.00  100.00
Average:       1    0.00    0.00    0.00    0.00    0.00    0.00    0.00    0.00    0.00  100.00
Average:       2    0.00    0.00    0.00    0.00    0.00    0.00    0.00    0.00    0.00  100.00
Average:       3    0.00    0.00    0.00    0.00    0.00    0.00    0.00    0.00    0.00  100.00
Average:       4    0.00    0.00    0.00    0.00    0.00    0.00    0.00    0.00    0.00  100.00
Average:       5    0.00    0.00    0.00    0.00    0.00    0.00    0.00    0.00    0.00  100.00
Average:       6    0.00    0.00    0.00    0.00    0.00    0.00    0.00    0.00    0.00  100.00
Average:       7    0.00    0.00    0.00    0.00    0.00    0.00    0.00    0.00    0.00  100.00
Average:       8    0.00    0.00    0.00    0.00    0.00    0.00    0.00    0.00    0.00  100.00
Average:       9    0.00    0.00    0.00    0.00    0.00    0.00    0.00    0.00    0.00  100.00
Average:      10    0.00    0.00    0.00    0.00    0.00    0.00    0.00    0.00    0.00  100.00
Average:      11    0.00    0.00    0.00    0.00    0.00    0.00    0.00    0.00    0.00  100.00
Average:      12    0.00    0.00    0.00    0.00    0.00    0.00    0.00    0.00    0.00  100.00
Average:      13    0.00    0.00    0.00    0.00    0.00    0.00    0.00    0.00    0.00  100.00
Average:      14    0.00    0.00    0.00    0.00    0.00    0.00    0.00    0.00    0.00  100.00
Average:      15    0.00    0.00    0.00    0.00    0.00    0.00    0.00    0.00    0.00  100.00
Average:      16    0.00    0.00    0.00    0.00    0.00    0.00    0.00    0.00    0.00  100.00
Average:      17    0.00    0.00    0.00    0.00    0.00    0.00    0.00    0.00    0.00  100.00
Average:      18    0.00    0.00    0.00    0.00    0.00    0.00    0.00    0.00    0.00  100.00
Average:      19    0.00    0.00    0.00    0.00    0.00    0.00    0.00    0.00    0.00  100.00
Average:      20    0.00    0.00    0.00    0.00    0.00    0.00    0.00    0.00    0.00  100.00
Average:      21    0.00    0.00    0.00    0.00    0.00    0.00    0.00    0.00    0.00  100.00
Average:      22    0.00    0.00    0.00    0.00    0.00    0.00    0.00    0.00    0.00  100.00
Average:      23    0.00    0.00    0.00    0.00    0.00    0.00    0.00    0.00    0.00  100.00

Overall CPU usage:
[------------------------------] 0%

========== MEMORY INFO ==========
               total        used        free      shared  buff/cache   available
Mem:            15Gi       702Mi        14Gi       3.0Mi       219Mi        14Gi
Swap:          4.0Gi          0B       4.0Gi

========== DISK USAGE ==========
Filesystem      Size  Used Avail Use% Mounted on
none            7.8G     0  7.8G   0% /usr/lib/modules/5.15.167.4-microsoft-standard-WSL2
none            7.8G  4.0K  7.8G   1% /mnt/wsl
drivers         350G  313G   37G  90% /usr/lib/wsl/drivers
/dev/sdc       1007G  1.9G  954G   1% /
none            7.8G   76K  7.8G   1% /mnt/wslg
none            7.8G     0  7.8G   0% /usr/lib/wsl/lib
rootfs          7.8G  2.2M  7.8G   1% /init
none            7.8G  540K  7.8G   1% /run
none            7.8G     0  7.8G   0% /run/lock
none            7.8G     0  7.8G   0% /run/shm
tmpfs           4.0M     0  4.0M   0% /sys/fs/cgroup
none            7.8G   76K  7.8G   1% /mnt/wslg/versions.txt
none            7.8G   76K  7.8G   1% /mnt/wslg/doc
C:\             350G  313G   37G  90% /mnt/c
D:\             604G  278G  326G  47% /mnt/d
tmpfs           1.6G   16K  1.6G   1% /run/user/1000

========== TOP PROCESSES (by CPU) ==========
    PID    PPID USER     %CPU %MEM COMMAND
   1467     274 nas71     0.1  0.0 bash ./system_monitor.sh
      1       0 root      0.0  0.0 /sbin/init
    157       1 root      0.0  0.0 /usr/libexec/wsl-pro-service -vv
     49       1 root      0.0  0.0 /usr/lib/systemd/systemd-journald
     91       1 root      0.0  0.0 /usr/lib/systemd/systemd-udevd
    146       1 message+  0.0  0.0 @dbus-daemon --system --address=systemd: --nofork --nopidfile --systemd-activation --syslog-only
    139       1 systemd+  0.0  0.0 /usr/lib/systemd/systemd-timesyncd
    786       1 polkitd   0.0  0.0 /usr/lib/polkit-1/polkitd --no-debug
    328       1 nas71     0.0  0.0 /usr/lib/systemd/systemd --user
    182       1 syslog    0.0  0.0 /usr/sbin/rsyslogd -n -iNONE
    138       1 systemd+  0.0  0.0 /usr/lib/systemd/systemd-resolved
    190       1 root      0.0  0.1 /usr/bin/python3 /usr/share/unattended-upgrades/unattended-upgrade-shutdown --wait-for-signal
    154       1 root      0.0  0.0 /usr/lib/systemd/systemd-logind
    274     273 nas71     0.0  0.0 -bash

========== GPU INFO ==========
Detected NVIDIA GPU via nvidia-smi.

--- Basic GPU Info ---
NVIDIA GeForce RTX 3080, 10240 MiB, 1372 MiB, 8682 MiB, 39 %, 36

--- Full nvidia-smi output (short) ---
Tue Dec 16 01:02:53 2025       
+-----------------------------------------------------------------------------------------+
| NVIDIA-SMI 580.105.07             Driver Version: 581.80         CUDA Version: 13.0     |
+-----------------------------------------+------------------------+----------------------+
| GPU  Name                 Persistence-M | Bus-Id          Disp.A | Volatile Uncorr. ECC |
| Fan  Temp   Perf          Pwr:Usage/Cap |           Memory-Usage | GPU-Util  Compute M. |
|                                         |                        |               MIG M. |
|=========================================+========================+======================|
|   0  NVIDIA GeForce RTX 3080        On  |   00000000:01:00.0  On |                  N/A |
| 30%   36C    P3             69W /  320W |    1374MiB /  10240MiB |     43%      Default |
|                                         |                        |                  N/A |
+-----------------------------------------+------------------------+----------------------+

+-----------------------------------------------------------------------------------------+
| Processes:                                                                              |
|  GPU   GI   CI              PID   Type   Process name                        GPU Memory |
|        ID   ID                                                               Usage      |
|=========================================================================================|
|    0   N/A  N/A              33      G   /Xwayland                             N/A      |
+-----------------------------------------------------------------------------------------+

========== NETWORK ==========
Interfaces (RX/TX bytes):
IFACE      RX (MB)         TX (MB)        
eth0       82.8            0.6            

IP addresses:
1: lo: <LOOPBACK,UP,LOWER_UP> mtu 65536 qdisc noqueue state UNKNOWN group default qlen 1000
inet 127.0.0.1/8 scope host lo
valid_lft forever preferred_lft forever
inet 10.255.255.254/32 brd 10.255.255.254 scope global lo
valid_lft forever preferred_lft forever
2: eth0: <BROADCAST,MULTICAST,UP,LOWER_UP> mtu 1404 qdisc mq state UP group default qlen 1000
inet 172.28.99.182/20 brd 172.28.111.255 scope global eth0
valid_lft forever preferred_lft forever

========== SYSTEM INFO ==========
Hostname: DESKTOP-IXVGB1S
Kernel: Linux 5.15.167.4-microsoft-standard-WSL2
Distro: Ubuntu 24.04
Uptime:
 01:02:53 up  1:28,  1 user,  load average: 0.08, 0.02, 0.01

Logged-in users:
nas71    pts/1        2025-12-15 23:40

Power / battery:

==========================================

==========================================
TIMESTAMP: 2025-12-16 01:02:56
==========================================

========== CPU INFO ==========
Model name:
13th Gen Intel(R) Core(TM) i7-13700K

Cores (logical / physical estimate):
  Logical:  24
  Physical cores per socket (from cpuinfo): 12

Load averages (1m, 5m, 15m):
 01:02:56 up  1:28,  1 user,  load average: 0.08, 0.02, 0.01

CPU temperature:
CPU temperature not available (need 'lm-sensors' or thermal sysfs).

========== CPU USAGE ==========
Linux 5.15.167.4-microsoft-standard-WSL2 (DESKTOP-IXVGB1S) 	12/16/25 	_x86_64_	(24 CPU)

01:02:56     CPU    %usr   %nice    %sys %iowait    %irq   %soft  %steal  %guest  %gnice   %idle
01:02:57     all    0.00    0.00    0.00    0.00    0.00    0.00    0.00    0.00    0.00  100.00
01:02:57       0    0.00    0.00    0.00    0.00    0.00    0.00    0.00    0.00    0.00  100.00
01:02:57       1    0.00    0.00    0.00    0.00    0.00    0.00    0.00    0.00    0.00  100.00
01:02:57       2    0.00    0.00    0.00    0.00    0.00    0.00    0.00    0.00    0.00  100.00
01:02:57       3    0.00    0.00    0.00    0.00    0.00    0.00    0.00    0.00    0.00  100.00
01:02:57       4    0.00    0.00    0.00    0.00    0.00    0.00    0.00    0.00    0.00  100.00
01:02:57       5    0.00    0.00    0.00    0.00    0.00    0.00    0.00    0.00    0.00  100.00
01:02:57       6    0.00    0.00    0.00    0.00    0.00    0.00    0.00    0.00    0.00  100.00
01:02:57       7    0.00    0.00    0.00    0.00    0.00    0.00    0.00    0.00    0.00  100.00
01:02:57       8    0.00    0.00    0.00    0.00    0.00    0.00    0.00    0.00    0.00  100.00
01:02:57       9    0.00    0.00    0.00    0.00    0.00    0.00    0.00    0.00    0.00  100.00
01:02:57      10    0.00    0.00    0.00    0.00    0.00    0.00    0.00    0.00    0.00  100.00
01:02:57      11    0.00    0.00    0.00    0.00    0.00    0.00    0.00    0.00    0.00  100.00
01:02:57      12    0.00    0.00    0.00    0.00    0.00    0.00    0.00    0.00    0.00  100.00
01:02:57      13    0.00    0.00    0.00    0.00    0.00    0.00    0.00    0.00    0.00  100.00
01:02:57      14    0.00    0.00    0.00    0.00    0.00    0.00    0.00    0.00    0.00  100.00
01:02:57      15    0.00    0.00    0.00    0.00    0.00    0.00    0.00    0.00    0.00  100.00
01:02:57      16    0.00    0.00    0.00    0.00    0.00    0.00    0.00    0.00    0.00  100.00
01:02:57      17    0.00    0.00    0.00    0.00    0.00    0.00    0.00    0.00    0.00  100.00
01:02:57      18    0.00    0.00    0.00    0.00    0.00    0.00    0.00    0.00    0.00  100.00
01:02:57      19    0.00    0.00    0.00    0.00    0.00    0.00    0.00    0.00    0.00  100.00
01:02:57      20    0.00    0.00    0.00    0.00    0.00    0.00    0.00    0.00    0.00  100.00
01:02:57      21    0.00    0.00    0.00    0.00    0.00    0.00    0.00    0.00    0.00  100.00
01:02:57      22    0.00    0.00    0.00    0.00    0.00    0.00    0.00    0.00    0.00  100.00
01:02:57      23    0.00    0.00    0.00    0.00    0.00    0.00    0.00    0.00    0.00  100.00

Average:     CPU    %usr   %nice    %sys %iowait    %irq   %soft  %steal  %guest  %gnice   %idle
Average:     all    0.00    0.00    0.00    0.00    0.00    0.00    0.00    0.00    0.00  100.00
Average:       0    0.00    0.00    0.00    0.00    0.00    0.00    0.00    0.00    0.00  100.00
Average:       1    0.00    0.00    0.00    0.00    0.00    0.00    0.00    0.00    0.00  100.00
Average:       2    0.00    0.00    0.00    0.00    0.00    0.00    0.00    0.00    0.00  100.00
Average:       3    0.00    0.00    0.00    0.00    0.00    0.00    0.00    0.00    0.00  100.00
Average:       4    0.00    0.00    0.00    0.00    0.00    0.00    0.00    0.00    0.00  100.00
Average:       5    0.00    0.00    0.00    0.00    0.00    0.00    0.00    0.00    0.00  100.00
Average:       6    0.00    0.00    0.00    0.00    0.00    0.00    0.00    0.00    0.00  100.00
Average:       7    0.00    0.00    0.00    0.00    0.00    0.00    0.00    0.00    0.00  100.00
Average:       8    0.00    0.00    0.00    0.00    0.00    0.00    0.00    0.00    0.00  100.00
Average:       9    0.00    0.00    0.00    0.00    0.00    0.00    0.00    0.00    0.00  100.00
Average:      10    0.00    0.00    0.00    0.00    0.00    0.00    0.00    0.00    0.00  100.00
Average:      11    0.00    0.00    0.00    0.00    0.00    0.00    0.00    0.00    0.00  100.00
Average:      12    0.00    0.00    0.00    0.00    0.00    0.00    0.00    0.00    0.00  100.00
Average:      13    0.00    0.00    0.00    0.00    0.00    0.00    0.00    0.00    0.00  100.00
Average:      14    0.00    0.00    0.00    0.00    0.00    0.00    0.00    0.00    0.00  100.00
Average:      15    0.00    0.00    0.00    0.00    0.00    0.00    0.00    0.00    0.00  100.00
Average:      16    0.00    0.00    0.00    0.00    0.00    0.00    0.00    0.00    0.00  100.00
Average:      17    0.00    0.00    0.00    0.00    0.00    0.00    0.00    0.00    0.00  100.00
Average:      18    0.00    0.00    0.00    0.00    0.00    0.00    0.00    0.00    0.00  100.00
Average:      19    0.00    0.00    0.00    0.00    0.00    0.00    0.00    0.00    0.00  100.00
Average:      20    0.00    0.00    0.00    0.00    0.00    0.00    0.00    0.00    0.00  100.00
Average:      21    0.00    0.00    0.00    0.00    0.00    0.00    0.00    0.00    0.00  100.00
Average:      22    0.00    0.00    0.00    0.00    0.00    0.00    0.00    0.00    0.00  100.00
Average:      23    0.00    0.00    0.00    0.00    0.00    0.00    0.00    0.00    0.00  100.00

Overall CPU usage:
[------------------------------] 0%

========== MEMORY INFO ==========
               total        used        free      shared  buff/cache   available
Mem:            15Gi       705Mi        14Gi       3.0Mi       219Mi        14Gi
Swap:          4.0Gi          0B       4.0Gi

========== DISK USAGE ==========
Filesystem      Size  Used Avail Use% Mounted on
none            7.8G     0  7.8G   0% /usr/lib/modules/5.15.167.4-microsoft-standard-WSL2
none            7.8G  4.0K  7.8G   1% /mnt/wsl
drivers         350G  313G   37G  90% /usr/lib/wsl/drivers
/dev/sdc       1007G  1.9G  954G   1% /
none            7.8G   76K  7.8G   1% /mnt/wslg
none            7.8G     0  7.8G   0% /usr/lib/wsl/lib
rootfs          7.8G  2.2M  7.8G   1% /init
none            7.8G  540K  7.8G   1% /run
none            7.8G     0  7.8G   0% /run/lock
none            7.8G     0  7.8G   0% /run/shm
tmpfs           4.0M     0  4.0M   0% /sys/fs/cgroup
none            7.8G   76K  7.8G   1% /mnt/wslg/versions.txt
none            7.8G   76K  7.8G   1% /mnt/wslg/doc
C:\             350G  313G   37G  90% /mnt/c
D:\             604G  278G  326G  47% /mnt/d
tmpfs           1.6G   16K  1.6G   1% /run/user/1000

========== TOP PROCESSES (by CPU) ==========
    PID    PPID USER     %CPU %MEM COMMAND
   1467     274 nas71     0.1  0.0 bash ./system_monitor.sh
      1       0 root      0.0  0.0 /sbin/init
    157       1 root      0.0  0.0 /usr/libexec/wsl-pro-service -vv
     49       1 root      0.0  0.0 /usr/lib/systemd/systemd-journald
     91       1 root      0.0  0.0 /usr/lib/systemd/systemd-udevd
    146       1 message+  0.0  0.0 @dbus-daemon --system --address=systemd: --nofork --nopidfile --systemd-activation --syslog-only
    139       1 systemd+  0.0  0.0 /usr/lib/systemd/systemd-timesyncd
    786       1 polkitd   0.0  0.0 /usr/lib/polkit-1/polkitd --no-debug
    328       1 nas71     0.0  0.0 /usr/lib/systemd/systemd --user
    182       1 syslog    0.0  0.0 /usr/sbin/rsyslogd -n -iNONE
    138       1 systemd+  0.0  0.0 /usr/lib/systemd/systemd-resolved
    190       1 root      0.0  0.1 /usr/bin/python3 /usr/share/unattended-upgrades/unattended-upgrade-shutdown --wait-for-signal
    154       1 root      0.0  0.0 /usr/lib/systemd/systemd-logind
    274     273 nas71     0.0  0.0 -bash

========== GPU INFO ==========
Detected NVIDIA GPU via nvidia-smi.

--- Basic GPU Info ---
NVIDIA GeForce RTX 3080, 10240 MiB, 1371 MiB, 8683 MiB, 38 %, 35

--- Full nvidia-smi output (short) ---
Tue Dec 16 01:02:58 2025       
+-----------------------------------------------------------------------------------------+
| NVIDIA-SMI 580.105.07             Driver Version: 581.80         CUDA Version: 13.0     |
+-----------------------------------------+------------------------+----------------------+
| GPU  Name                 Persistence-M | Bus-Id          Disp.A | Volatile Uncorr. ECC |
| Fan  Temp   Perf          Pwr:Usage/Cap |           Memory-Usage | GPU-Util  Compute M. |
|                                         |                        |               MIG M. |
|=========================================+========================+======================|
|   0  NVIDIA GeForce RTX 3080        On  |   00000000:01:00.0  On |                  N/A |
| 30%   35C    P5             41W /  320W |    1370MiB /  10240MiB |     45%      Default |
|                                         |                        |                  N/A |
+-----------------------------------------+------------------------+----------------------+

+-----------------------------------------------------------------------------------------+
| Processes:                                                                              |
|  GPU   GI   CI              PID   Type   Process name                        GPU Memory |
|        ID   ID                                                               Usage      |
|=========================================================================================|
|    0   N/A  N/A              33      G   /Xwayland                             N/A      |
+-----------------------------------------------------------------------------------------+

========== NETWORK ==========
Interfaces (RX/TX bytes):
IFACE      RX (MB)         TX (MB)        
eth0       82.8            0.6            

IP addresses:
1: lo: <LOOPBACK,UP,LOWER_UP> mtu 65536 qdisc noqueue state UNKNOWN group default qlen 1000
inet 127.0.0.1/8 scope host lo
valid_lft forever preferred_lft forever
inet 10.255.255.254/32 brd 10.255.255.254 scope global lo
valid_lft forever preferred_lft forever
2: eth0: <BROADCAST,MULTICAST,UP,LOWER_UP> mtu 1404 qdisc mq state UP group default qlen 1000
inet 172.28.99.182/20 brd 172.28.111.255 scope global eth0
valid_lft forever preferred_lft forever

========== SYSTEM INFO ==========
Hostname: DESKTOP-IXVGB1S
Kernel: Linux 5.15.167.4-microsoft-standard-WSL2
Distro: Ubuntu 24.04
Uptime:
 01:02:58 up  1:28,  1 user,  load average: 0.07, 0.02, 0.00

Logged-in users:
nas71    pts/1        2025-12-15 23:40

Power / battery:

==========================================

==========================================
TIMESTAMP: 2025-12-16 01:03:00
==========================================

========== CPU INFO ==========
Model name:
13th Gen Intel(R) Core(TM) i7-13700K

Cores (logical / physical estimate):
  Logical:  24
  Physical cores per socket (from cpuinfo): 12

Load averages (1m, 5m, 15m):
 01:03:00 up  1:28,  1 user,  load average: 0.07, 0.02, 0.00

CPU temperature:
CPU temperature not available (need 'lm-sensors' or thermal sysfs).

========== CPU USAGE ==========
Linux 5.15.167.4-microsoft-standard-WSL2 (DESKTOP-IXVGB1S) 	12/16/25 	_x86_64_	(24 CPU)

01:03:00     CPU    %usr   %nice    %sys %iowait    %irq   %soft  %steal  %guest  %gnice   %idle
01:02:59     all    0.00    0.00    0.00    0.00    0.00    0.00    0.00    0.00    0.00  100.00
01:02:59       0    0.00    0.00    0.00    0.00    0.00    0.00    0.00    0.00    0.00  100.00
01:02:59       1    0.00    0.00    0.00    0.00    0.00    0.00    0.00    0.00    0.00  100.00
01:02:59       2    0.00    0.00    0.00    0.00    0.00    0.00    0.00    0.00    0.00  100.00
01:02:59       3    0.00    0.00    0.00    0.00    0.00    0.00    0.00    0.00    0.00  100.00
01:02:59       4    0.00    0.00    0.00    0.00    0.00    0.00    0.00    0.00    0.00  100.00
01:02:59       5    0.00    0.00    0.00    0.00    0.00    0.00    0.00    0.00    0.00  100.00
01:02:59       6    0.00    0.00    0.00    0.00    0.00    0.00    0.00    0.00    0.00  100.00
01:02:59       7    0.00    0.00    0.00    0.00    0.00    0.00    0.00    0.00    0.00  100.00
01:02:59       8    0.00    0.00    0.00    0.00    0.00    0.00    0.00    0.00    0.00  100.00
01:02:59       9    0.00    0.00    0.00    0.00    0.00    0.00    0.00    0.00    0.00  100.00
01:02:59      10    0.00    0.00    0.00    0.00    0.00    0.00    0.00    0.00    0.00  100.00
01:02:59      11    0.00    0.00    0.00    0.00    0.00    0.00    0.00    0.00    0.00  100.00
01:02:59      12    0.00    0.00    0.00    0.00    0.00    0.00    0.00    0.00    0.00  100.00
01:02:59      13    0.00    0.00    0.00    0.00    0.00    0.00    0.00    0.00    0.00  100.00
01:02:59      14    0.00    0.00    0.00    0.00    0.00    0.00    0.00    0.00    0.00  100.00
01:02:59      15    0.00    0.00    0.00    0.00    0.00    0.00    0.00    0.00    0.00  100.00
01:02:59      16    0.00    0.00    0.00    0.00    0.00    0.00    0.00    0.00    0.00  100.00
01:02:59      17    0.00    0.00    0.00    0.00    0.00    0.00    0.00    0.00    0.00  100.00
01:02:59      18    0.00    0.00    0.00    0.00    0.00    0.00    0.00    0.00    0.00  100.00
01:02:59      19    0.00    0.00    0.00    0.00    0.00    0.00    0.00    0.00    0.00  100.00
01:02:59      20    0.00    0.00    0.00    0.00    0.00    0.00    0.00    0.00    0.00  100.00
01:02:59      21    0.00    0.00    0.00    0.00    0.00    0.00    0.00    0.00    0.00  100.00
01:02:59      22    0.00    0.00    0.00    0.00    0.00    0.00    0.00    0.00    0.00  100.00
01:02:59      23    0.00    0.00    0.00    0.00    0.00    0.00    0.00    0.00    0.00  100.00

Average:     CPU    %usr   %nice    %sys %iowait    %irq   %soft  %steal  %guest  %gnice   %idle
Average:     all    0.00    0.00    0.00    0.00    0.00    0.00    0.00    0.00    0.00  100.00
Average:       0    0.00    0.00    0.00    0.00    0.00    0.00    0.00    0.00    0.00  100.00
Average:       1    0.00    0.00    0.00    0.00    0.00    0.00    0.00    0.00    0.00  100.00
Average:       2    0.00    0.00    0.00    0.00    0.00    0.00    0.00    0.00    0.00  100.00
Average:       3    0.00    0.00    0.00    0.00    0.00    0.00    0.00    0.00    0.00  100.00
Average:       4    0.00    0.00    0.00    0.00    0.00    0.00    0.00    0.00    0.00  100.00
Average:       5    0.00    0.00    0.00    0.00    0.00    0.00    0.00    0.00    0.00  100.00
Average:       6    0.00    0.00    0.00    0.00    0.00    0.00    0.00    0.00    0.00  100.00
Average:       7    0.00    0.00    0.00    0.00    0.00    0.00    0.00    0.00    0.00  100.00
Average:       8    0.00    0.00    0.00    0.00    0.00    0.00    0.00    0.00    0.00  100.00
Average:       9    0.00    0.00    0.00    0.00    0.00    0.00    0.00    0.00    0.00  100.00
Average:      10    0.00    0.00    0.00    0.00    0.00    0.00    0.00    0.00    0.00  100.00
Average:      11    0.00    0.00    0.00    0.00    0.00    0.00    0.00    0.00    0.00  100.00
Average:      12    0.00    0.00    0.00    0.00    0.00    0.00    0.00    0.00    0.00  100.00
Average:      13    0.00    0.00    0.00    0.00    0.00    0.00    0.00    0.00    0.00  100.00
Average:      14    0.00    0.00    0.00    0.00    0.00    0.00    0.00    0.00    0.00  100.00
Average:      15    0.00    0.00    0.00    0.00    0.00    0.00    0.00    0.00    0.00  100.00
Average:      16    0.00    0.00    0.00    0.00    0.00    0.00    0.00    0.00    0.00  100.00
Average:      17    0.00    0.00    0.00    0.00    0.00    0.00    0.00    0.00    0.00  100.00
Average:      18    0.00    0.00    0.00    0.00    0.00    0.00    0.00    0.00    0.00  100.00
Average:      19    0.00    0.00    0.00    0.00    0.00    0.00    0.00    0.00    0.00  100.00
Average:      20    0.00    0.00    0.00    0.00    0.00    0.00    0.00    0.00    0.00  100.00
Average:      21    0.00    0.00    0.00    0.00    0.00    0.00    0.00    0.00    0.00  100.00
Average:      22    0.00    0.00    0.00    0.00    0.00    0.00    0.00    0.00    0.00  100.00
Average:      23    0.00    0.00    0.00    0.00    0.00    0.00    0.00    0.00    0.00  100.00

Overall CPU usage:
[------------------------------] 0%

========== MEMORY INFO ==========
               total        used        free      shared  buff/cache   available
Mem:            15Gi       702Mi        14Gi       3.0Mi       219Mi        14Gi
Swap:          4.0Gi          0B       4.0Gi

========== DISK USAGE ==========
Filesystem      Size  Used Avail Use% Mounted on
none            7.8G     0  7.8G   0% /usr/lib/modules/5.15.167.4-microsoft-standard-WSL2
none            7.8G  4.0K  7.8G   1% /mnt/wsl
drivers         350G  313G   37G  90% /usr/lib/wsl/drivers
/dev/sdc       1007G  1.9G  954G   1% /
none            7.8G   76K  7.8G   1% /mnt/wslg
none            7.8G     0  7.8G   0% /usr/lib/wsl/lib
rootfs          7.8G  2.2M  7.8G   1% /init
none            7.8G  540K  7.8G   1% /run
none            7.8G     0  7.8G   0% /run/lock
none            7.8G     0  7.8G   0% /run/shm
tmpfs           4.0M     0  4.0M   0% /sys/fs/cgroup
none            7.8G   76K  7.8G   1% /mnt/wslg/versions.txt
none            7.8G   76K  7.8G   1% /mnt/wslg/doc
C:\             350G  313G   37G  90% /mnt/c
D:\             604G  278G  326G  47% /mnt/d
tmpfs           1.6G   16K  1.6G   1% /run/user/1000

========== TOP PROCESSES (by CPU) ==========
    PID    PPID USER     %CPU %MEM COMMAND
   1467     274 nas71     0.1  0.0 bash ./system_monitor.sh
      1       0 root      0.0  0.0 /sbin/init
    157       1 root      0.0  0.0 /usr/libexec/wsl-pro-service -vv
     49       1 root      0.0  0.0 /usr/lib/systemd/systemd-journald
     91       1 root      0.0  0.0 /usr/lib/systemd/systemd-udevd
    146       1 message+  0.0  0.0 @dbus-daemon --system --address=systemd: --nofork --nopidfile --systemd-activation --syslog-only
    139       1 systemd+  0.0  0.0 /usr/lib/systemd/systemd-timesyncd
    786       1 polkitd   0.0  0.0 /usr/lib/polkit-1/polkitd --no-debug
    328       1 nas71     0.0  0.0 /usr/lib/systemd/systemd --user
    182       1 syslog    0.0  0.0 /usr/sbin/rsyslogd -n -iNONE
    138       1 systemd+  0.0  0.0 /usr/lib/systemd/systemd-resolved
    190       1 root      0.0  0.1 /usr/bin/python3 /usr/share/unattended-upgrades/unattended-upgrade-shutdown --wait-for-signal
    154       1 root      0.0  0.0 /usr/lib/systemd/systemd-logind
    274     273 nas71     0.0  0.0 -bash

========== GPU INFO ==========
Detected NVIDIA GPU via nvidia-smi.

--- Basic GPU Info ---
NVIDIA GeForce RTX 3080, 10240 MiB, 1397 MiB, 8657 MiB, 15 %, 37

--- Full nvidia-smi output (short) ---
Tue Dec 16 01:03:01 2025       
+-----------------------------------------------------------------------------------------+
| NVIDIA-SMI 580.105.07             Driver Version: 581.80         CUDA Version: 13.0     |
+-----------------------------------------+------------------------+----------------------+
| GPU  Name                 Persistence-M | Bus-Id          Disp.A | Volatile Uncorr. ECC |
| Fan  Temp   Perf          Pwr:Usage/Cap |           Memory-Usage | GPU-Util  Compute M. |
|                                         |                        |               MIG M. |
|=========================================+========================+======================|
|   0  NVIDIA GeForce RTX 3080        On  |   00000000:01:00.0  On |                  N/A |
|  0%   37C    P0             99W /  320W |    1397MiB /  10240MiB |     15%      Default |
|                                         |                        |                  N/A |
+-----------------------------------------+------------------------+----------------------+

+-----------------------------------------------------------------------------------------+
| Processes:                                                                              |
|  GPU   GI   CI              PID   Type   Process name                        GPU Memory |
|        ID   ID                                                               Usage      |
|=========================================================================================|
|    0   N/A  N/A              33      G   /Xwayland                             N/A      |
+-----------------------------------------------------------------------------------------+

========== NETWORK ==========
Interfaces (RX/TX bytes):
IFACE      RX (MB)         TX (MB)        
eth0       82.8            0.6            

IP addresses:
1: lo: <LOOPBACK,UP,LOWER_UP> mtu 65536 qdisc noqueue state UNKNOWN group default qlen 1000
inet 127.0.0.1/8 scope host lo
valid_lft forever preferred_lft forever
inet 10.255.255.254/32 brd 10.255.255.254 scope global lo
valid_lft forever preferred_lft forever
2: eth0: <BROADCAST,MULTICAST,UP,LOWER_UP> mtu 1404 qdisc mq state UP group default qlen 1000
inet 172.28.99.182/20 brd 172.28.111.255 scope global eth0
valid_lft forever preferred_lft forever

========== SYSTEM INFO ==========
Hostname: DESKTOP-IXVGB1S
Kernel: Linux 5.15.167.4-microsoft-standard-WSL2
Distro: Ubuntu 24.04
Uptime:
 01:03:01 up  1:28,  1 user,  load average: 0.07, 0.02, 0.00

Logged-in users:
nas71    pts/1        2025-12-15 23:40

Power / battery:

==========================================

==========================================
TIMESTAMP: 2025-12-16 01:03:03
==========================================

========== CPU INFO ==========
Model name:
13th Gen Intel(R) Core(TM) i7-13700K

Cores (logical / physical estimate):
  Logical:  24
  Physical cores per socket (from cpuinfo): 12

Load averages (1m, 5m, 15m):
 01:03:03 up  1:28,  1 user,  load average: 0.07, 0.02, 0.00

CPU temperature:
CPU temperature not available (need 'lm-sensors' or thermal sysfs).

========== CPU USAGE ==========
Linux 5.15.167.4-microsoft-standard-WSL2 (DESKTOP-IXVGB1S) 	12/16/25 	_x86_64_	(24 CPU)

01:03:03     CPU    %usr   %nice    %sys %iowait    %irq   %soft  %steal  %guest  %gnice   %idle
01:03:04     all    0.00    0.00    0.04    0.04    0.00    0.00    0.00    0.00    0.00   99.92
01:03:04       0    0.00    0.00    0.00    0.00    0.00    0.00    0.00    0.00    0.00  100.00
01:03:04       1    0.00    0.00    0.00    0.00    0.00    0.00    0.00    0.00    0.00  100.00
01:03:04       2    0.00    0.00    0.00    0.00    0.00    0.00    0.00    0.00    0.00  100.00
01:03:04       3    0.00    0.00    0.00    0.00    0.00    0.00    0.00    0.00    0.00  100.00
01:03:04       4    0.00    0.00    0.00    0.00    0.00    0.00    0.00    0.00    0.00  100.00
01:03:04       5    0.00    0.00    0.00    0.00    0.00    0.00    0.00    0.00    0.00  100.00
01:03:04       6    0.00    0.00    0.00    0.93    0.00    0.00    0.00    0.00    0.00   99.07
01:03:04       7    0.00    0.00    0.00    0.00    0.00    0.00    0.00    0.00    0.00  100.00
01:03:04       8    0.00    0.00    0.00    0.00    0.00    0.00    0.00    0.00    0.00  100.00
01:03:04       9    0.00    0.00    0.00    0.00    0.00    0.00    0.00    0.00    0.00  100.00
01:03:04      10    0.00    0.00    0.00    0.00    0.00    0.00    0.00    0.00    0.00  100.00
01:03:04      11    0.00    0.00    0.00    0.00    0.00    0.00    0.00    0.00    0.00  100.00
01:03:04      12    0.00    0.00    0.00    0.00    0.00    0.00    0.00    0.00    0.00  100.00
01:03:04      13    0.00    0.00    0.00    0.00    0.00    0.00    0.00    0.00    0.00  100.00
01:03:04      14    0.00    0.00    0.00    0.00    0.00    0.00    0.00    0.00    0.00  100.00
01:03:04      15    0.00    0.00    0.00    0.00    0.00    0.00    0.00    0.00    0.00  100.00
01:03:04      16    0.00    0.00    0.00    0.00    0.00    0.00    0.00    0.00    0.00  100.00
01:03:04      17    0.00    0.00    0.00    0.00    0.00    0.00    0.00    0.00    0.00  100.00
01:03:04      18    0.00    0.00    0.00    0.00    0.00    0.00    0.00    0.00    0.00  100.00
01:03:04      19    0.00    0.00    0.93    0.00    0.00    0.00    0.00    0.00    0.00   99.07
01:03:04      20    0.00    0.00    0.00    0.00    0.00    0.00    0.00    0.00    0.00  100.00
01:03:04      21    0.00    0.00    0.00    0.00    0.00    0.00    0.00    0.00    0.00  100.00
01:03:04      22    0.00    0.00    0.00    0.00    0.00    0.00    0.00    0.00    0.00  100.00
01:03:04      23    0.00    0.00    0.00    0.00    0.00    0.00    0.00    0.00    0.00  100.00

Average:     CPU    %usr   %nice    %sys %iowait    %irq   %soft  %steal  %guest  %gnice   %idle
Average:     all    0.00    0.00    0.04    0.04    0.00    0.00    0.00    0.00    0.00   99.92
Average:       0    0.00    0.00    0.00    0.00    0.00    0.00    0.00    0.00    0.00  100.00
Average:       1    0.00    0.00    0.00    0.00    0.00    0.00    0.00    0.00    0.00  100.00
Average:       2    0.00    0.00    0.00    0.00    0.00    0.00    0.00    0.00    0.00  100.00
Average:       3    0.00    0.00    0.00    0.00    0.00    0.00    0.00    0.00    0.00  100.00
Average:       4    0.00    0.00    0.00    0.00    0.00    0.00    0.00    0.00    0.00  100.00
Average:       5    0.00    0.00    0.00    0.00    0.00    0.00    0.00    0.00    0.00  100.00
Average:       6    0.00    0.00    0.00    0.93    0.00    0.00    0.00    0.00    0.00   99.07
Average:       7    0.00    0.00    0.00    0.00    0.00    0.00    0.00    0.00    0.00  100.00
Average:       8    0.00    0.00    0.00    0.00    0.00    0.00    0.00    0.00    0.00  100.00
Average:       9    0.00    0.00    0.00    0.00    0.00    0.00    0.00    0.00    0.00  100.00
Average:      10    0.00    0.00    0.00    0.00    0.00    0.00    0.00    0.00    0.00  100.00
Average:      11    0.00    0.00    0.00    0.00    0.00    0.00    0.00    0.00    0.00  100.00
Average:      12    0.00    0.00    0.00    0.00    0.00    0.00    0.00    0.00    0.00  100.00
Average:      13    0.00    0.00    0.00    0.00    0.00    0.00    0.00    0.00    0.00  100.00
Average:      14    0.00    0.00    0.00    0.00    0.00    0.00    0.00    0.00    0.00  100.00
Average:      15    0.00    0.00    0.00    0.00    0.00    0.00    0.00    0.00    0.00  100.00
Average:      16    0.00    0.00    0.00    0.00    0.00    0.00    0.00    0.00    0.00  100.00
Average:      17    0.00    0.00    0.00    0.00    0.00    0.00    0.00    0.00    0.00  100.00
Average:      18    0.00    0.00    0.00    0.00    0.00    0.00    0.00    0.00    0.00  100.00
Average:      19    0.00    0.00    0.93    0.00    0.00    0.00    0.00    0.00    0.00   99.07
Average:      20    0.00    0.00    0.00    0.00    0.00    0.00    0.00    0.00    0.00  100.00
Average:      21    0.00    0.00    0.00    0.00    0.00    0.00    0.00    0.00    0.00  100.00
Average:      22    0.00    0.00    0.00    0.00    0.00    0.00    0.00    0.00    0.00  100.00
Average:      23    0.00    0.00    0.00    0.00    0.00    0.00    0.00    0.00    0.00  100.00

Overall CPU usage:
[------------------------------] 0%

========== MEMORY INFO ==========
               total        used        free      shared  buff/cache   available
Mem:            15Gi       701Mi        14Gi       3.0Mi       219Mi        14Gi
Swap:          4.0Gi          0B       4.0Gi

========== DISK USAGE ==========
Filesystem      Size  Used Avail Use% Mounted on
none            7.8G     0  7.8G   0% /usr/lib/modules/5.15.167.4-microsoft-standard-WSL2
none            7.8G  4.0K  7.8G   1% /mnt/wsl
drivers         350G  313G   37G  90% /usr/lib/wsl/drivers
/dev/sdc       1007G  1.9G  954G   1% /
none            7.8G   76K  7.8G   1% /mnt/wslg
none            7.8G     0  7.8G   0% /usr/lib/wsl/lib
rootfs          7.8G  2.2M  7.8G   1% /init
none            7.8G  540K  7.8G   1% /run
none            7.8G     0  7.8G   0% /run/lock
none            7.8G     0  7.8G   0% /run/shm
tmpfs           4.0M     0  4.0M   0% /sys/fs/cgroup
none            7.8G   76K  7.8G   1% /mnt/wslg/versions.txt
none            7.8G   76K  7.8G   1% /mnt/wslg/doc
C:\             350G  313G   37G  90% /mnt/c
D:\             604G  278G  326G  47% /mnt/d
tmpfs           1.6G   16K  1.6G   1% /run/user/1000

========== TOP PROCESSES (by CPU) ==========
    PID    PPID USER     %CPU %MEM COMMAND
   1467     274 nas71     0.1  0.0 bash ./system_monitor.sh
      1       0 root      0.0  0.0 /sbin/init
    157       1 root      0.0  0.0 /usr/libexec/wsl-pro-service -vv
     49       1 root      0.0  0.0 /usr/lib/systemd/systemd-journald
     91       1 root      0.0  0.0 /usr/lib/systemd/systemd-udevd
    146       1 message+  0.0  0.0 @dbus-daemon --system --address=systemd: --nofork --nopidfile --systemd-activation --syslog-only
    139       1 systemd+  0.0  0.0 /usr/lib/systemd/systemd-timesyncd
    786       1 polkitd   0.0  0.0 /usr/lib/polkit-1/polkitd --no-debug
    328       1 nas71     0.0  0.0 /usr/lib/systemd/systemd --user
    182       1 syslog    0.0  0.0 /usr/sbin/rsyslogd -n -iNONE
    138       1 systemd+  0.0  0.0 /usr/lib/systemd/systemd-resolved
    190       1 root      0.0  0.1 /usr/bin/python3 /usr/share/unattended-upgrades/unattended-upgrade-shutdown --wait-for-signal
    154       1 root      0.0  0.0 /usr/lib/systemd/systemd-logind
    274     273 nas71     0.0  0.0 -bash

========== GPU INFO ==========
Detected NVIDIA GPU via nvidia-smi.

--- Basic GPU Info ---
NVIDIA GeForce RTX 3080, 10240 MiB, 1391 MiB, 8663 MiB, 26 %, 37

--- Full nvidia-smi output (short) ---
Tue Dec 16 01:03:05 2025       
+-----------------------------------------------------------------------------------------+
| NVIDIA-SMI 580.105.07             Driver Version: 581.80         CUDA Version: 13.0     |
+-----------------------------------------+------------------------+----------------------+
| GPU  Name                 Persistence-M | Bus-Id          Disp.A | Volatile Uncorr. ECC |
| Fan  Temp   Perf          Pwr:Usage/Cap |           Memory-Usage | GPU-Util  Compute M. |
|                                         |                        |               MIG M. |
|=========================================+========================+======================|
|   0  NVIDIA GeForce RTX 3080        On  |   00000000:01:00.0  On |                  N/A |
|  0%   37C    P0             89W /  320W |    1391MiB /  10240MiB |     27%      Default |
|                                         |                        |                  N/A |
+-----------------------------------------+------------------------+----------------------+

+-----------------------------------------------------------------------------------------+
| Processes:                                                                              |
|  GPU   GI   CI              PID   Type   Process name                        GPU Memory |
|        ID   ID                                                               Usage      |
|=========================================================================================|
|    0   N/A  N/A              33      G   /Xwayland                             N/A      |
+-----------------------------------------------------------------------------------------+

========== NETWORK ==========
Interfaces (RX/TX bytes):
IFACE      RX (MB)         TX (MB)        
eth0       82.8            0.6            

IP addresses:
1: lo: <LOOPBACK,UP,LOWER_UP> mtu 65536 qdisc noqueue state UNKNOWN group default qlen 1000
inet 127.0.0.1/8 scope host lo
valid_lft forever preferred_lft forever
inet 10.255.255.254/32 brd 10.255.255.254 scope global lo
valid_lft forever preferred_lft forever
2: eth0: <BROADCAST,MULTICAST,UP,LOWER_UP> mtu 1404 qdisc mq state UP group default qlen 1000
inet 172.28.99.182/20 brd 172.28.111.255 scope global eth0
valid_lft forever preferred_lft forever

========== SYSTEM INFO ==========
Hostname: DESKTOP-IXVGB1S
Kernel: Linux 5.15.167.4-microsoft-standard-WSL2
Distro: Ubuntu 24.04
Uptime:
 01:03:05 up  1:28,  1 user,  load average: 0.06, 0.02, 0.00

Logged-in users:
nas71    pts/1        2025-12-15 23:40

Power / battery:

==========================================

==========================================
TIMESTAMP: 2025-12-16 01:03:07
==========================================

========== CPU INFO ==========
Model name:
13th Gen Intel(R) Core(TM) i7-13700K

Cores (logical / physical estimate):
  Logical:  24
  Physical cores per socket (from cpuinfo): 12

Load averages (1m, 5m, 15m):
 01:03:07 up  1:28,  1 user,  load average: 0.06, 0.02, 0.00

CPU temperature:
CPU temperature not available (need 'lm-sensors' or thermal sysfs).

========== CPU USAGE ==========
Linux 5.15.167.4-microsoft-standard-WSL2 (DESKTOP-IXVGB1S) 	12/16/25 	_x86_64_	(24 CPU)

01:03:07     CPU    %usr   %nice    %sys %iowait    %irq   %soft  %steal  %guest  %gnice   %idle
01:03:08     all    0.00    0.00    0.00    0.00    0.00    0.00    0.00    0.00    0.00  100.00
01:03:08       0    0.00    0.00    0.00    0.00    0.00    0.00    0.00    0.00    0.00  100.00
01:03:08       1    0.00    0.00    0.00    0.00    0.00    0.00    0.00    0.00    0.00  100.00
01:03:08       2    0.00    0.00    0.00    0.00    0.00    0.00    0.00    0.00    0.00  100.00
01:03:08       3    0.00    0.00    0.00    0.00    0.00    0.00    0.00    0.00    0.00  100.00
01:03:08       4    0.00    0.00    0.00    0.00    0.00    0.00    0.00    0.00    0.00  100.00
01:03:08       5    0.00    0.00    0.00    0.00    0.00    0.00    0.00    0.00    0.00  100.00
01:03:08       6    0.00    0.00    0.00    0.00    0.00    0.00    0.00    0.00    0.00  100.00
01:03:08       7    0.00    0.00    0.00    0.00    0.00    0.00    0.00    0.00    0.00  100.00
01:03:08       8    0.00    0.00    0.00    0.00    0.00    0.00    0.00    0.00    0.00  100.00
01:03:08       9    0.00    0.00    0.00    0.00    0.00    0.00    0.00    0.00    0.00  100.00
01:03:08      10    0.00    0.00    0.00    0.00    0.00    0.00    0.00    0.00    0.00  100.00
01:03:08      11    0.00    0.00    0.00    0.00    0.00    0.00    0.00    0.00    0.00  100.00
01:03:08      12    0.00    0.00    0.00    0.00    0.00    0.00    0.00    0.00    0.00  100.00
01:03:08      13    0.00    0.00    0.00    0.00    0.00    0.00    0.00    0.00    0.00  100.00
01:03:08      14    0.00    0.00    0.00    0.00    0.00    0.00    0.00    0.00    0.00  100.00
01:03:08      15    0.00    0.00    0.00    0.00    0.00    0.00    0.00    0.00    0.00  100.00
01:03:08      16    0.00    0.00    0.00    0.00    0.00    0.00    0.00    0.00    0.00  100.00
01:03:08      17    0.00    0.00    0.00    0.00    0.00    0.00    0.00    0.00    0.00  100.00
01:03:08      18    0.00    0.00    0.00    0.00    0.00    0.00    0.00    0.00    0.00  100.00
01:03:08      19    0.00    0.00    0.00    0.00    0.00    0.00    0.00    0.00    0.00  100.00
01:03:08      20    0.00    0.00    0.00    0.00    0.00    0.00    0.00    0.00    0.00  100.00
01:03:08      21    0.00    0.00    0.00    0.00    0.00    0.00    0.00    0.00    0.00  100.00
01:03:08      22    0.00    0.00    0.00    0.00    0.00    0.00    0.00    0.00    0.00  100.00
01:03:08      23    0.00    0.00    0.00    0.00    0.00    0.00    0.00    0.00    0.00  100.00

Average:     CPU    %usr   %nice    %sys %iowait    %irq   %soft  %steal  %guest  %gnice   %idle
Average:     all    0.00    0.00    0.00    0.00    0.00    0.00    0.00    0.00    0.00  100.00
Average:       0    0.00    0.00    0.00    0.00    0.00    0.00    0.00    0.00    0.00  100.00
Average:       1    0.00    0.00    0.00    0.00    0.00    0.00    0.00    0.00    0.00  100.00
Average:       2    0.00    0.00    0.00    0.00    0.00    0.00    0.00    0.00    0.00  100.00
Average:       3    0.00    0.00    0.00    0.00    0.00    0.00    0.00    0.00    0.00  100.00
Average:       4    0.00    0.00    0.00    0.00    0.00    0.00    0.00    0.00    0.00  100.00
Average:       5    0.00    0.00    0.00    0.00    0.00    0.00    0.00    0.00    0.00  100.00
Average:       6    0.00    0.00    0.00    0.00    0.00    0.00    0.00    0.00    0.00  100.00
Average:       7    0.00    0.00    0.00    0.00    0.00    0.00    0.00    0.00    0.00  100.00
Average:       8    0.00    0.00    0.00    0.00    0.00    0.00    0.00    0.00    0.00  100.00
Average:       9    0.00    0.00    0.00    0.00    0.00    0.00    0.00    0.00    0.00  100.00
Average:      10    0.00    0.00    0.00    0.00    0.00    0.00    0.00    0.00    0.00  100.00
Average:      11    0.00    0.00    0.00    0.00    0.00    0.00    0.00    0.00    0.00  100.00
Average:      12    0.00    0.00    0.00    0.00    0.00    0.00    0.00    0.00    0.00  100.00
Average:      13    0.00    0.00    0.00    0.00    0.00    0.00    0.00    0.00    0.00  100.00
Average:      14    0.00    0.00    0.00    0.00    0.00    0.00    0.00    0.00    0.00  100.00
Average:      15    0.00    0.00    0.00    0.00    0.00    0.00    0.00    0.00    0.00  100.00
Average:      16    0.00    0.00    0.00    0.00    0.00    0.00    0.00    0.00    0.00  100.00
Average:      17    0.00    0.00    0.00    0.00    0.00    0.00    0.00    0.00    0.00  100.00
Average:      18    0.00    0.00    0.00    0.00    0.00    0.00    0.00    0.00    0.00  100.00
Average:      19    0.00    0.00    0.00    0.00    0.00    0.00    0.00    0.00    0.00  100.00
Average:      20    0.00    0.00    0.00    0.00    0.00    0.00    0.00    0.00    0.00  100.00
Average:      21    0.00    0.00    0.00    0.00    0.00    0.00    0.00    0.00    0.00  100.00
Average:      22    0.00    0.00    0.00    0.00    0.00    0.00    0.00    0.00    0.00  100.00
Average:      23    0.00    0.00    0.00    0.00    0.00    0.00    0.00    0.00    0.00  100.00

Overall CPU usage:
[------------------------------] 0%

========== MEMORY INFO ==========
               total        used        free      shared  buff/cache   available
Mem:            15Gi       705Mi        14Gi       3.0Mi       219Mi        14Gi
Swap:          4.0Gi          0B       4.0Gi

========== DISK USAGE ==========
Filesystem      Size  Used Avail Use% Mounted on
none            7.8G     0  7.8G   0% /usr/lib/modules/5.15.167.4-microsoft-standard-WSL2
none            7.8G  4.0K  7.8G   1% /mnt/wsl
drivers         350G  313G   37G  90% /usr/lib/wsl/drivers
/dev/sdc       1007G  1.9G  954G   1% /
none            7.8G   76K  7.8G   1% /mnt/wslg
none            7.8G     0  7.8G   0% /usr/lib/wsl/lib
rootfs          7.8G  2.2M  7.8G   1% /init
none            7.8G  540K  7.8G   1% /run
none            7.8G     0  7.8G   0% /run/lock
none            7.8G     0  7.8G   0% /run/shm
tmpfs           4.0M     0  4.0M   0% /sys/fs/cgroup
none            7.8G   76K  7.8G   1% /mnt/wslg/versions.txt
none            7.8G   76K  7.8G   1% /mnt/wslg/doc
C:\             350G  313G   37G  90% /mnt/c
D:\             604G  278G  326G  47% /mnt/d
tmpfs           1.6G   16K  1.6G   1% /run/user/1000

========== TOP PROCESSES (by CPU) ==========
    PID    PPID USER     %CPU %MEM COMMAND
   1467     274 nas71     0.1  0.0 bash ./system_monitor.sh
      1       0 root      0.0  0.0 /sbin/init
    157       1 root      0.0  0.0 /usr/libexec/wsl-pro-service -vv
     49       1 root      0.0  0.0 /usr/lib/systemd/systemd-journald
     91       1 root      0.0  0.0 /usr/lib/systemd/systemd-udevd
    146       1 message+  0.0  0.0 @dbus-daemon --system --address=systemd: --nofork --nopidfile --systemd-activation --syslog-only
    139       1 systemd+  0.0  0.0 /usr/lib/systemd/systemd-timesyncd
    786       1 polkitd   0.0  0.0 /usr/lib/polkit-1/polkitd --no-debug
    328       1 nas71     0.0  0.0 /usr/lib/systemd/systemd --user
    182       1 syslog    0.0  0.0 /usr/sbin/rsyslogd -n -iNONE
    138       1 systemd+  0.0  0.0 /usr/lib/systemd/systemd-resolved
    190       1 root      0.0  0.1 /usr/bin/python3 /usr/share/unattended-upgrades/unattended-upgrade-shutdown --wait-for-signal
    154       1 root      0.0  0.0 /usr/lib/systemd/systemd-logind
    274     273 nas71     0.0  0.0 -bash

========== GPU INFO ==========
Detected NVIDIA GPU via nvidia-smi.

--- Basic GPU Info ---
NVIDIA GeForce RTX 3080, 10240 MiB, 1376 MiB, 8678 MiB, 39 %, 38

--- Full nvidia-smi output (short) ---
Tue Dec 16 01:03:10 2025       
+-----------------------------------------------------------------------------------------+
| NVIDIA-SMI 580.105.07             Driver Version: 581.80         CUDA Version: 13.0     |
+-----------------------------------------+------------------------+----------------------+
| GPU  Name                 Persistence-M | Bus-Id          Disp.A | Volatile Uncorr. ECC |
| Fan  Temp   Perf          Pwr:Usage/Cap |           Memory-Usage | GPU-Util  Compute M. |
|                                         |                        |               MIG M. |
|=========================================+========================+======================|
|   0  NVIDIA GeForce RTX 3080        On  |   00000000:01:00.0  On |                  N/A |
|  0%   38C    P0             89W /  320W |    1376MiB /  10240MiB |     36%      Default |
|                                         |                        |                  N/A |
+-----------------------------------------+------------------------+----------------------+

+-----------------------------------------------------------------------------------------+
| Processes:                                                                              |
|  GPU   GI   CI              PID   Type   Process name                        GPU Memory |
|        ID   ID                                                               Usage      |
|=========================================================================================|
|    0   N/A  N/A              33      G   /Xwayland                             N/A      |
+-----------------------------------------------------------------------------------------+

========== NETWORK ==========
Interfaces (RX/TX bytes):
IFACE      RX (MB)         TX (MB)        
eth0       82.8            0.6            

IP addresses:
1: lo: <LOOPBACK,UP,LOWER_UP> mtu 65536 qdisc noqueue state UNKNOWN group default qlen 1000
inet 127.0.0.1/8 scope host lo
valid_lft forever preferred_lft forever
inet 10.255.255.254/32 brd 10.255.255.254 scope global lo
valid_lft forever preferred_lft forever
2: eth0: <BROADCAST,MULTICAST,UP,LOWER_UP> mtu 1404 qdisc mq state UP group default qlen 1000
inet 172.28.99.182/20 brd 172.28.111.255 scope global eth0
valid_lft forever preferred_lft forever

========== SYSTEM INFO ==========
Hostname: DESKTOP-IXVGB1S
Kernel: Linux 5.15.167.4-microsoft-standard-WSL2
Distro: Ubuntu 24.04
Uptime:
 01:03:10 up  1:29,  1 user,  load average: 0.14, 0.03, 0.01

Logged-in users:
nas71    pts/1        2025-12-15 23:40

Power / battery:

==========================================

==========================================
TIMESTAMP: 2025-12-16 01:03:12
==========================================

========== CPU INFO ==========
Model name:
13th Gen Intel(R) Core(TM) i7-13700K

Cores (logical / physical estimate):
  Logical:  24
  Physical cores per socket (from cpuinfo): 12

Load averages (1m, 5m, 15m):
 01:03:12 up  1:29,  1 user,  load average: 0.14, 0.03, 0.01

CPU temperature:
CPU temperature not available (need 'lm-sensors' or thermal sysfs).

========== CPU USAGE ==========
Linux 5.15.167.4-microsoft-standard-WSL2 (DESKTOP-IXVGB1S) 	12/16/25 	_x86_64_	(24 CPU)

01:03:12     CPU    %usr   %nice    %sys %iowait    %irq   %soft  %steal  %guest  %gnice   %idle
01:03:13     all    0.00    0.00    0.00    0.00    0.00    0.00    0.00    0.00    0.00  100.00
01:03:13       0    0.00    0.00    0.00    0.00    0.00    0.00    0.00    0.00    0.00  100.00
01:03:13       1    0.00    0.00    0.00    0.00    0.00    0.00    0.00    0.00    0.00  100.00
01:03:13       2    0.00    0.00    0.00    0.00    0.00    0.00    0.00    0.00    0.00  100.00
01:03:13       3    0.00    0.00    0.00    0.00    0.00    0.00    0.00    0.00    0.00  100.00
01:03:13       4    0.00    0.00    0.00    0.00    0.00    0.00    0.00    0.00    0.00  100.00
01:03:13       5    0.00    0.00    0.00    0.00    0.00    0.00    0.00    0.00    0.00  100.00
01:03:13       6    0.00    0.00    0.00    0.00    0.00    0.00    0.00    0.00    0.00  100.00
01:03:13       7    0.00    0.00    0.00    0.00    0.00    0.00    0.00    0.00    0.00  100.00
01:03:13       8    0.00    0.00    0.00    0.00    0.00    0.00    0.00    0.00    0.00  100.00
01:03:13       9    0.00    0.00    0.00    0.00    0.00    0.00    0.00    0.00    0.00  100.00
01:03:13      10    0.00    0.00    0.00    0.00    0.00    0.00    0.00    0.00    0.00  100.00
01:03:13      11    0.00    0.00    0.00    0.00    0.00    0.00    0.00    0.00    0.00  100.00
01:03:13      12    0.00    0.00    0.00    0.00    0.00    0.00    0.00    0.00    0.00  100.00
01:03:13      13    0.00    0.00    0.00    0.00    0.00    0.00    0.00    0.00    0.00  100.00
01:03:13      14    0.00    0.00    0.00    0.00    0.00    0.00    0.00    0.00    0.00  100.00
01:03:13      15    0.00    0.00    0.00    0.00    0.00    0.00    0.00    0.00    0.00  100.00
01:03:13      16    0.00    0.00    0.00    0.00    0.00    0.00    0.00    0.00    0.00  100.00
01:03:13      17    0.00    0.00    0.00    0.00    0.00    0.00    0.00    0.00    0.00  100.00
01:03:13      18    0.00    0.00    0.00    0.00    0.00    0.00    0.00    0.00    0.00  100.00
01:03:13      19    0.00    0.00    0.00    0.00    0.00    0.00    0.00    0.00    0.00  100.00
01:03:13      20    0.00    0.00    0.00    0.00    0.00    0.00    0.00    0.00    0.00  100.00
01:03:13      21    0.00    0.00    0.00    0.00    0.00    0.00    0.00    0.00    0.00  100.00
01:03:13      22    0.00    0.00    0.00    0.00    0.00    0.00    0.00    0.00    0.00  100.00
01:03:13      23    0.00    0.00    0.00    0.00    0.00    0.00    0.00    0.00    0.00  100.00

Average:     CPU    %usr   %nice    %sys %iowait    %irq   %soft  %steal  %guest  %gnice   %idle
Average:     all    0.00    0.00    0.00    0.00    0.00    0.00    0.00    0.00    0.00  100.00
Average:       0    0.00    0.00    0.00    0.00    0.00    0.00    0.00    0.00    0.00  100.00
Average:       1    0.00    0.00    0.00    0.00    0.00    0.00    0.00    0.00    0.00  100.00
Average:       2    0.00    0.00    0.00    0.00    0.00    0.00    0.00    0.00    0.00  100.00
Average:       3    0.00    0.00    0.00    0.00    0.00    0.00    0.00    0.00    0.00  100.00
Average:       4    0.00    0.00    0.00    0.00    0.00    0.00    0.00    0.00    0.00  100.00
Average:       5    0.00    0.00    0.00    0.00    0.00    0.00    0.00    0.00    0.00  100.00
Average:       6    0.00    0.00    0.00    0.00    0.00    0.00    0.00    0.00    0.00  100.00
Average:       7    0.00    0.00    0.00    0.00    0.00    0.00    0.00    0.00    0.00  100.00
Average:       8    0.00    0.00    0.00    0.00    0.00    0.00    0.00    0.00    0.00  100.00
Average:       9    0.00    0.00    0.00    0.00    0.00    0.00    0.00    0.00    0.00  100.00
Average:      10    0.00    0.00    0.00    0.00    0.00    0.00    0.00    0.00    0.00  100.00
Average:      11    0.00    0.00    0.00    0.00    0.00    0.00    0.00    0.00    0.00  100.00
Average:      12    0.00    0.00    0.00    0.00    0.00    0.00    0.00    0.00    0.00  100.00
Average:      13    0.00    0.00    0.00    0.00    0.00    0.00    0.00    0.00    0.00  100.00
Average:      14    0.00    0.00    0.00    0.00    0.00    0.00    0.00    0.00    0.00  100.00
Average:      15    0.00    0.00    0.00    0.00    0.00    0.00    0.00    0.00    0.00  100.00
Average:      16    0.00    0.00    0.00    0.00    0.00    0.00    0.00    0.00    0.00  100.00
Average:      17    0.00    0.00    0.00    0.00    0.00    0.00    0.00    0.00    0.00  100.00
Average:      18    0.00    0.00    0.00    0.00    0.00    0.00    0.00    0.00    0.00  100.00
Average:      19    0.00    0.00    0.00    0.00    0.00    0.00    0.00    0.00    0.00  100.00
Average:      20    0.00    0.00    0.00    0.00    0.00    0.00    0.00    0.00    0.00  100.00
Average:      21    0.00    0.00    0.00    0.00    0.00    0.00    0.00    0.00    0.00  100.00
Average:      22    0.00    0.00    0.00    0.00    0.00    0.00    0.00    0.00    0.00  100.00
Average:      23    0.00    0.00    0.00    0.00    0.00    0.00    0.00    0.00    0.00  100.00

Overall CPU usage:
[------------------------------] 0%

========== MEMORY INFO ==========
               total        used        free      shared  buff/cache   available
Mem:            15Gi       706Mi        14Gi       3.0Mi       219Mi        14Gi
Swap:          4.0Gi          0B       4.0Gi

========== DISK USAGE ==========
Filesystem      Size  Used Avail Use% Mounted on
none            7.8G     0  7.8G   0% /usr/lib/modules/5.15.167.4-microsoft-standard-WSL2
none            7.8G  4.0K  7.8G   1% /mnt/wsl
drivers         350G  313G   37G  90% /usr/lib/wsl/drivers
/dev/sdc       1007G  1.9G  954G   1% /
none            7.8G   76K  7.8G   1% /mnt/wslg
none            7.8G     0  7.8G   0% /usr/lib/wsl/lib
rootfs          7.8G  2.2M  7.8G   1% /init
none            7.8G  540K  7.8G   1% /run
none            7.8G     0  7.8G   0% /run/lock
none            7.8G     0  7.8G   0% /run/shm
tmpfs           4.0M     0  4.0M   0% /sys/fs/cgroup
none            7.8G   76K  7.8G   1% /mnt/wslg/versions.txt
none            7.8G   76K  7.8G   1% /mnt/wslg/doc
C:\             350G  313G   37G  90% /mnt/c
D:\             604G  278G  326G  47% /mnt/d
tmpfs           1.6G   16K  1.6G   1% /run/user/1000

========== TOP PROCESSES (by CPU) ==========
    PID    PPID USER     %CPU %MEM COMMAND
   1467     274 nas71     0.1  0.0 bash ./system_monitor.sh
      1       0 root      0.0  0.0 /sbin/init
    157       1 root      0.0  0.0 /usr/libexec/wsl-pro-service -vv
     49       1 root      0.0  0.0 /usr/lib/systemd/systemd-journald
     91       1 root      0.0  0.0 /usr/lib/systemd/systemd-udevd
    146       1 message+  0.0  0.0 @dbus-daemon --system --address=systemd: --nofork --nopidfile --systemd-activation --syslog-only
    139       1 systemd+  0.0  0.0 /usr/lib/systemd/systemd-timesyncd
    786       1 polkitd   0.0  0.0 /usr/lib/polkit-1/polkitd --no-debug
    328       1 nas71     0.0  0.0 /usr/lib/systemd/systemd --user
    182       1 syslog    0.0  0.0 /usr/sbin/rsyslogd -n -iNONE
    138       1 systemd+  0.0  0.0 /usr/lib/systemd/systemd-resolved
    190       1 root      0.0  0.1 /usr/bin/python3 /usr/share/unattended-upgrades/unattended-upgrade-shutdown --wait-for-signal
    154       1 root      0.0  0.0 /usr/lib/systemd/systemd-logind
    274     273 nas71     0.0  0.0 -bash

========== GPU INFO ==========
Detected NVIDIA GPU via nvidia-smi.

--- Basic GPU Info ---
NVIDIA GeForce RTX 3080, 10240 MiB, 1417 MiB, 8637 MiB, 33 %, 39

--- Full nvidia-smi output (short) ---
Tue Dec 16 01:03:15 2025       
+-----------------------------------------------------------------------------------------+
| NVIDIA-SMI 580.105.07             Driver Version: 581.80         CUDA Version: 13.0     |
+-----------------------------------------+------------------------+----------------------+
| GPU  Name                 Persistence-M | Bus-Id          Disp.A | Volatile Uncorr. ECC |
| Fan  Temp   Perf          Pwr:Usage/Cap |           Memory-Usage | GPU-Util  Compute M. |
|                                         |                        |               MIG M. |
|=========================================+========================+======================|
|   0  NVIDIA GeForce RTX 3080        On  |   00000000:01:00.0  On |                  N/A |
|  0%   39C    P0             89W /  320W |    1426MiB /  10240MiB |     33%      Default |
|                                         |                        |                  N/A |
+-----------------------------------------+------------------------+----------------------+

+-----------------------------------------------------------------------------------------+
| Processes:                                                                              |
|  GPU   GI   CI              PID   Type   Process name                        GPU Memory |
|        ID   ID                                                               Usage      |
|=========================================================================================|
|    0   N/A  N/A              33      G   /Xwayland                             N/A      |
+-----------------------------------------------------------------------------------------+

========== NETWORK ==========
Interfaces (RX/TX bytes):
IFACE      RX (MB)         TX (MB)        
eth0       82.8            0.6            

IP addresses:
1: lo: <LOOPBACK,UP,LOWER_UP> mtu 65536 qdisc noqueue state UNKNOWN group default qlen 1000
inet 127.0.0.1/8 scope host lo
valid_lft forever preferred_lft forever
inet 10.255.255.254/32 brd 10.255.255.254 scope global lo
valid_lft forever preferred_lft forever
2: eth0: <BROADCAST,MULTICAST,UP,LOWER_UP> mtu 1404 qdisc mq state UP group default qlen 1000
inet 172.28.99.182/20 brd 172.28.111.255 scope global eth0
valid_lft forever preferred_lft forever

========== SYSTEM INFO ==========
Hostname: DESKTOP-IXVGB1S
Kernel: Linux 5.15.167.4-microsoft-standard-WSL2
Distro: Ubuntu 24.04
Uptime:
 01:03:15 up  1:29,  1 user,  load average: 0.14, 0.03, 0.01

Logged-in users:
nas71    pts/1        2025-12-15 23:40

Power / battery:

==========================================

==========================================
TIMESTAMP: 2025-12-16 01:03:17
==========================================

========== CPU INFO ==========
Model name:
13th Gen Intel(R) Core(TM) i7-13700K

Cores (logical / physical estimate):
  Logical:  24
  Physical cores per socket (from cpuinfo): 12

Load averages (1m, 5m, 15m):
 01:03:17 up  1:29,  1 user,  load average: 0.13, 0.03, 0.01

CPU temperature:
CPU temperature not available (need 'lm-sensors' or thermal sysfs).

========== CPU USAGE ==========
Linux 5.15.167.4-microsoft-standard-WSL2 (DESKTOP-IXVGB1S) 	12/16/25 	_x86_64_	(24 CPU)

01:03:17     CPU    %usr   %nice    %sys %iowait    %irq   %soft  %steal  %guest  %gnice   %idle
01:03:18     all    0.00    0.00    0.00    0.00    0.00    0.00    0.00    0.00    0.00  100.00
01:03:18       0    0.00    0.00    0.00    0.00    0.00    0.00    0.00    0.00    0.00  100.00
01:03:18       1    0.00    0.00    0.00    0.00    0.00    0.00    0.00    0.00    0.00  100.00
01:03:18       2    0.00    0.00    0.00    0.00    0.00    0.00    0.00    0.00    0.00  100.00
01:03:18       3    0.00    0.00    0.00    0.00    0.00    0.00    0.00    0.00    0.00  100.00
01:03:18       4    0.00    0.00    0.00    0.00    0.00    0.00    0.00    0.00    0.00  100.00
01:03:18       5    0.00    0.00    0.00    0.00    0.00    0.00    0.00    0.00    0.00  100.00
01:03:18       6    0.00    0.00    0.00    0.00    0.00    0.00    0.00    0.00    0.00  100.00
01:03:18       7    0.00    0.00    0.00    0.00    0.00    0.00    0.00    0.00    0.00  100.00
01:03:18       8    0.00    0.00    0.00    0.00    0.00    0.00    0.00    0.00    0.00  100.00
01:03:18       9    0.00    0.00    0.00    0.00    0.00    0.00    0.00    0.00    0.00  100.00
01:03:18      10    0.00    0.00    0.00    0.00    0.00    0.00    0.00    0.00    0.00  100.00
01:03:18      11    0.00    0.00    0.00    0.00    0.00    0.00    0.00    0.00    0.00  100.00
01:03:18      12    0.00    0.00    0.00    0.00    0.00    0.00    0.00    0.00    0.00  100.00
01:03:18      13    0.00    0.00    0.00    0.00    0.00    0.00    0.00    0.00    0.00  100.00
01:03:18      14    0.00    0.00    0.00    0.00    0.00    0.00    0.00    0.00    0.00  100.00
01:03:18      15    0.00    0.00    0.00    0.00    0.00    0.00    0.00    0.00    0.00  100.00
01:03:18      16    0.00    0.00    0.00    0.00    0.00    0.00    0.00    0.00    0.00  100.00
01:03:18      17    0.00    0.00    0.00    0.00    0.00    0.00    0.00    0.00    0.00  100.00
01:03:18      18    0.00    0.00    0.00    0.00    0.00    0.00    0.00    0.00    0.00  100.00
01:03:18      19    0.00    0.00    0.00    0.00    0.00    0.00    0.00    0.00    0.00  100.00
01:03:18      20    0.00    0.00    0.00    0.00    0.00    0.00    0.00    0.00    0.00  100.00
01:03:18      21    0.00    0.00    0.00    0.00    0.00    0.00    0.00    0.00    0.00  100.00
01:03:18      22    0.00    0.00    0.00    0.00    0.00    0.00    0.00    0.00    0.00  100.00
01:03:18      23    0.00    0.00    0.00    0.00    0.00    0.00    0.00    0.00    0.00  100.00

Average:     CPU    %usr   %nice    %sys %iowait    %irq   %soft  %steal  %guest  %gnice   %idle
Average:     all    0.00    0.00    0.00    0.00    0.00    0.00    0.00    0.00    0.00  100.00
Average:       0    0.00    0.00    0.00    0.00    0.00    0.00    0.00    0.00    0.00  100.00
Average:       1    0.00    0.00    0.00    0.00    0.00    0.00    0.00    0.00    0.00  100.00
Average:       2    0.00    0.00    0.00    0.00    0.00    0.00    0.00    0.00    0.00  100.00
Average:       3    0.00    0.00    0.00    0.00    0.00    0.00    0.00    0.00    0.00  100.00
Average:       4    0.00    0.00    0.00    0.00    0.00    0.00    0.00    0.00    0.00  100.00
Average:       5    0.00    0.00    0.00    0.00    0.00    0.00    0.00    0.00    0.00  100.00
Average:       6    0.00    0.00    0.00    0.00    0.00    0.00    0.00    0.00    0.00  100.00
Average:       7    0.00    0.00    0.00    0.00    0.00    0.00    0.00    0.00    0.00  100.00
Average:       8    0.00    0.00    0.00    0.00    0.00    0.00    0.00    0.00    0.00  100.00
Average:       9    0.00    0.00    0.00    0.00    0.00    0.00    0.00    0.00    0.00  100.00
Average:      10    0.00    0.00    0.00    0.00    0.00    0.00    0.00    0.00    0.00  100.00
Average:      11    0.00    0.00    0.00    0.00    0.00    0.00    0.00    0.00    0.00  100.00
Average:      12    0.00    0.00    0.00    0.00    0.00    0.00    0.00    0.00    0.00  100.00
Average:      13    0.00    0.00    0.00    0.00    0.00    0.00    0.00    0.00    0.00  100.00
Average:      14    0.00    0.00    0.00    0.00    0.00    0.00    0.00    0.00    0.00  100.00
Average:      15    0.00    0.00    0.00    0.00    0.00    0.00    0.00    0.00    0.00  100.00
Average:      16    0.00    0.00    0.00    0.00    0.00    0.00    0.00    0.00    0.00  100.00
Average:      17    0.00    0.00    0.00    0.00    0.00    0.00    0.00    0.00    0.00  100.00
Average:      18    0.00    0.00    0.00    0.00    0.00    0.00    0.00    0.00    0.00  100.00
Average:      19    0.00    0.00    0.00    0.00    0.00    0.00    0.00    0.00    0.00  100.00
Average:      20    0.00    0.00    0.00    0.00    0.00    0.00    0.00    0.00    0.00  100.00
Average:      21    0.00    0.00    0.00    0.00    0.00    0.00    0.00    0.00    0.00  100.00
Average:      22    0.00    0.00    0.00    0.00    0.00    0.00    0.00    0.00    0.00  100.00
Average:      23    0.00    0.00    0.00    0.00    0.00    0.00    0.00    0.00    0.00  100.00

Overall CPU usage:
[------------------------------] 0%

========== MEMORY INFO ==========
               total        used        free      shared  buff/cache   available
Mem:            15Gi       705Mi        14Gi       3.0Mi       219Mi        14Gi
Swap:          4.0Gi          0B       4.0Gi

========== DISK USAGE ==========
Filesystem      Size  Used Avail Use% Mounted on
none            7.8G     0  7.8G   0% /usr/lib/modules/5.15.167.4-microsoft-standard-WSL2
none            7.8G  4.0K  7.8G   1% /mnt/wsl
drivers         350G  313G   37G  90% /usr/lib/wsl/drivers
/dev/sdc       1007G  1.9G  954G   1% /
none            7.8G   76K  7.8G   1% /mnt/wslg
none            7.8G     0  7.8G   0% /usr/lib/wsl/lib
rootfs          7.8G  2.2M  7.8G   1% /init
none            7.8G  540K  7.8G   1% /run
none            7.8G     0  7.8G   0% /run/lock
none            7.8G     0  7.8G   0% /run/shm
tmpfs           4.0M     0  4.0M   0% /sys/fs/cgroup
none            7.8G   76K  7.8G   1% /mnt/wslg/versions.txt
none            7.8G   76K  7.8G   1% /mnt/wslg/doc
C:\             350G  313G   37G  90% /mnt/c
D:\             604G  278G  326G  47% /mnt/d
tmpfs           1.6G   16K  1.6G   1% /run/user/1000

========== TOP PROCESSES (by CPU) ==========
    PID    PPID USER     %CPU %MEM COMMAND
   1467     274 nas71     0.1  0.0 bash ./system_monitor.sh
      1       0 root      0.0  0.0 /sbin/init
    157       1 root      0.0  0.0 /usr/libexec/wsl-pro-service -vv
     49       1 root      0.0  0.0 /usr/lib/systemd/systemd-journald
     91       1 root      0.0  0.0 /usr/lib/systemd/systemd-udevd
    146       1 message+  0.0  0.0 @dbus-daemon --system --address=systemd: --nofork --nopidfile --systemd-activation --syslog-only
    139       1 systemd+  0.0  0.0 /usr/lib/systemd/systemd-timesyncd
    786       1 polkitd   0.0  0.0 /usr/lib/polkit-1/polkitd --no-debug
    328       1 nas71     0.0  0.0 /usr/lib/systemd/systemd --user
    182       1 syslog    0.0  0.0 /usr/sbin/rsyslogd -n -iNONE
    138       1 systemd+  0.0  0.0 /usr/lib/systemd/systemd-resolved
    190       1 root      0.0  0.1 /usr/bin/python3 /usr/share/unattended-upgrades/unattended-upgrade-shutdown --wait-for-signal
    154       1 root      0.0  0.0 /usr/lib/systemd/systemd-logind
    274     273 nas71     0.0  0.0 -bash

========== GPU INFO ==========
Detected NVIDIA GPU via nvidia-smi.

--- Basic GPU Info ---
NVIDIA GeForce RTX 3080, 10240 MiB, 1379 MiB, 8675 MiB, 35 %, 39

--- Full nvidia-smi output (short) ---
Tue Dec 16 01:03:19 2025       
+-----------------------------------------------------------------------------------------+
| NVIDIA-SMI 580.105.07             Driver Version: 581.80         CUDA Version: 13.0     |
+-----------------------------------------+------------------------+----------------------+
| GPU  Name                 Persistence-M | Bus-Id          Disp.A | Volatile Uncorr. ECC |
| Fan  Temp   Perf          Pwr:Usage/Cap |           Memory-Usage | GPU-Util  Compute M. |
|                                         |                        |               MIG M. |
|=========================================+========================+======================|
|   0  NVIDIA GeForce RTX 3080        On  |   00000000:01:00.0  On |                  N/A |
|  0%   39C    P0             89W /  320W |    1379MiB /  10240MiB |     34%      Default |
|                                         |                        |                  N/A |
+-----------------------------------------+------------------------+----------------------+

+-----------------------------------------------------------------------------------------+
| Processes:                                                                              |
|  GPU   GI   CI              PID   Type   Process name                        GPU Memory |
|        ID   ID                                                               Usage      |
|=========================================================================================|
|    0   N/A  N/A              33      G   /Xwayland                             N/A      |
+-----------------------------------------------------------------------------------------+

========== NETWORK ==========
Interfaces (RX/TX bytes):
IFACE      RX (MB)         TX (MB)        
eth0       82.8            0.6            

IP addresses:
1: lo: <LOOPBACK,UP,LOWER_UP> mtu 65536 qdisc noqueue state UNKNOWN group default qlen 1000
inet 127.0.0.1/8 scope host lo
valid_lft forever preferred_lft forever
inet 10.255.255.254/32 brd 10.255.255.254 scope global lo
valid_lft forever preferred_lft forever
2: eth0: <BROADCAST,MULTICAST,UP,LOWER_UP> mtu 1404 qdisc mq state UP group default qlen 1000
inet 172.28.99.182/20 brd 172.28.111.255 scope global eth0
valid_lft forever preferred_lft forever

========== SYSTEM INFO ==========
Hostname: DESKTOP-IXVGB1S
Kernel: Linux 5.15.167.4-microsoft-standard-WSL2
Distro: Ubuntu 24.04
Uptime:
 01:03:19 up  1:29,  1 user,  load average: 0.13, 0.03, 0.01

Logged-in users:
nas71    pts/1        2025-12-15 23:40

Power / battery:

==========================================

==========================================
TIMESTAMP: 2025-12-16 01:03:22
==========================================

========== CPU INFO ==========
Model name:
13th Gen Intel(R) Core(TM) i7-13700K

Cores (logical / physical estimate):
  Logical:  24
  Physical cores per socket (from cpuinfo): 12

Load averages (1m, 5m, 15m):
 01:03:22 up  1:29,  1 user,  load average: 0.12, 0.03, 0.01

CPU temperature:
CPU temperature not available (need 'lm-sensors' or thermal sysfs).

========== CPU USAGE ==========
Linux 5.15.167.4-microsoft-standard-WSL2 (DESKTOP-IXVGB1S) 	12/16/25 	_x86_64_	(24 CPU)

01:03:22     CPU    %usr   %nice    %sys %iowait    %irq   %soft  %steal  %guest  %gnice   %idle
01:03:23     all    0.04    0.00    0.00    0.00    0.00    0.00    0.00    0.00    0.00   99.96
01:03:23       0    0.00    0.00    0.00    0.00    0.00    0.00    0.00    0.00    0.00  100.00
01:03:23       1    0.00    0.00    0.00    0.00    0.00    0.00    0.00    0.00    0.00  100.00
01:03:23       2    0.00    0.00    0.00    0.00    0.00    0.00    0.00    0.00    0.00  100.00
